[2025-03-05T17:58:09.800+0530][gc,heap] Heap region size: 1M
[2025-03-05T17:58:09.802+0530][gc     ] Using G1
[2025-03-05T17:58:09.802+0530][gc,heap,coops] Heap address: 0x0000000780000000, size: 1024 MB, Compressed Oops mode: Zero based, Oop shift amount: 3
[2025-03-05T17:58:15.317+0530][gc,start     ] GC(0) Pause Young (Normal) (G1 Evacuation Pause)
[2025-03-05T17:58:15.318+0530][gc,task      ] GC(0) Using 8 workers of 8 for evacuation
[2025-03-05T17:58:15.324+0530][gc,phases    ] GC(0)   Pre Evacuate Collection Set: 0.0ms
[2025-03-05T17:58:15.324+0530][gc,phases    ] GC(0)   Evacuate Collection Set: 5.7ms
[2025-03-05T17:58:15.324+0530][gc,phases    ] GC(0)   Post Evacuate Collection Set: 0.3ms
[2025-03-05T17:58:15.324+0530][gc,phases    ] GC(0)   Other: 0.3ms
[2025-03-05T17:58:15.324+0530][gc,heap      ] GC(0) Eden regions: 51->0(44)
[2025-03-05T17:58:15.324+0530][gc,heap      ] GC(0) Survivor regions: 0->7(7)
[2025-03-05T17:58:15.324+0530][gc,heap      ] GC(0) Old regions: 0->2
[2025-03-05T17:58:15.324+0530][gc,heap      ] GC(0) Archive regions: 0->0
[2025-03-05T17:58:15.324+0530][gc,heap      ] GC(0) Humongous regions: 0->0
[2025-03-05T17:58:15.324+0530][gc,metaspace ] GC(0) Metaspace: 20318K(20992K)->20318K(20992K) NonClass: 17986K(18432K)->17986K(18432K) Class: 2332K(2560K)->2332K(2560K)
[2025-03-05T17:58:15.324+0530][gc           ] GC(0) Pause Young (Normal) (G1 Evacuation Pause) 51M->8M(1024M) 6.539ms
[2025-03-05T17:58:15.324+0530][gc,cpu       ] GC(0) User=0.02s Sys=0.01s Real=0.01s
[2025-03-05T17:58:15.335+0530][gc,start     ] GC(1) Pause Young (Concurrent Start) (Metadata GC Threshold)
[2025-03-05T17:58:15.335+0530][gc,task      ] GC(1) Using 8 workers of 8 for evacuation
[2025-03-05T17:58:15.337+0530][gc,phases    ] GC(1)   Pre Evacuate Collection Set: 0.0ms
[2025-03-05T17:58:15.337+0530][gc,phases    ] GC(1)   Evacuate Collection Set: 2.0ms
[2025-03-05T17:58:15.337+0530][gc,phases    ] GC(1)   Post Evacuate Collection Set: 0.1ms
[2025-03-05T17:58:15.337+0530][gc,phases    ] GC(1)   Other: 0.1ms
[2025-03-05T17:58:15.337+0530][gc,heap      ] GC(1) Eden regions: 3->0(50)
[2025-03-05T17:58:15.337+0530][gc,heap      ] GC(1) Survivor regions: 7->1(7)
[2025-03-05T17:58:15.337+0530][gc,heap      ] GC(1) Old regions: 2->8
[2025-03-05T17:58:15.337+0530][gc,heap      ] GC(1) Archive regions: 0->0
[2025-03-05T17:58:15.337+0530][gc,heap      ] GC(1) Humongous regions: 0->0
[2025-03-05T17:58:15.337+0530][gc,metaspace ] GC(1) Metaspace: 20683K(21296K)->20683K(21296K) NonClass: 18291K(18608K)->18291K(18608K) Class: 2391K(2688K)->2391K(2688K)
[2025-03-05T17:58:15.337+0530][gc           ] GC(1) Pause Young (Concurrent Start) (Metadata GC Threshold) 10M->8M(1024M) 2.297ms
[2025-03-05T17:58:15.337+0530][gc,cpu       ] GC(1) User=0.01s Sys=0.00s Real=0.00s
[2025-03-05T17:58:15.337+0530][gc           ] GC(2) Concurrent Cycle
[2025-03-05T17:58:15.337+0530][gc,marking   ] GC(2) Concurrent Clear Claimed Marks
[2025-03-05T17:58:15.337+0530][gc,marking   ] GC(2) Concurrent Clear Claimed Marks 0.012ms
[2025-03-05T17:58:15.337+0530][gc,marking   ] GC(2) Concurrent Scan Root Regions
[2025-03-05T17:58:15.337+0530][gc,marking   ] GC(2) Concurrent Scan Root Regions 0.062ms
[2025-03-05T17:58:15.337+0530][gc,marking   ] GC(2) Concurrent Mark (5.545s)
[2025-03-05T17:58:15.337+0530][gc,marking   ] GC(2) Concurrent Mark From Roots
[2025-03-05T17:58:15.337+0530][gc,task      ] GC(2) Using 2 workers of 2 for marking
[2025-03-05T17:58:15.339+0530][gc,marking   ] GC(2) Concurrent Mark From Roots 2.201ms
[2025-03-05T17:58:15.339+0530][gc,marking   ] GC(2) Concurrent Preclean
[2025-03-05T17:58:15.339+0530][gc,marking   ] GC(2) Concurrent Preclean 0.024ms
[2025-03-05T17:58:15.339+0530][gc,marking   ] GC(2) Concurrent Mark (5.545s, 5.547s) 2.259ms
[2025-03-05T17:58:15.340+0530][gc,start     ] GC(2) Pause Remark
[2025-03-05T17:58:15.340+0530][gc,stringtable] GC(2) Cleaned string and symbol table, strings: 7924 processed, 0 removed, symbols: 69124 processed, 39 removed
[2025-03-05T17:58:15.341+0530][gc            ] GC(2) Pause Remark 9M->9M(1024M) 1.034ms
[2025-03-05T17:58:15.341+0530][gc,cpu        ] GC(2) User=0.01s Sys=0.00s Real=0.00s
[2025-03-05T17:58:15.341+0530][gc,marking    ] GC(2) Concurrent Rebuild Remembered Sets
[2025-03-05T17:58:15.342+0530][gc,marking    ] GC(2) Concurrent Rebuild Remembered Sets 1.584ms
[2025-03-05T17:58:15.342+0530][gc,start      ] GC(2) Pause Cleanup
[2025-03-05T17:58:15.342+0530][gc            ] GC(2) Pause Cleanup 9M->9M(1024M) 0.068ms
[2025-03-05T17:58:15.342+0530][gc,cpu        ] GC(2) User=0.00s Sys=0.00s Real=0.00s
[2025-03-05T17:58:15.342+0530][gc,marking    ] GC(2) Concurrent Cleanup for Next Mark
[2025-03-05T17:58:15.343+0530][gc,marking    ] GC(2) Concurrent Cleanup for Next Mark 1.132ms
[2025-03-05T17:58:15.344+0530][gc            ] GC(2) Concurrent Cycle 6.496ms
[2025-03-05T17:58:15.720+0530][gc,start      ] GC(3) Pause Young (Normal) (G1 Evacuation Pause)
[2025-03-05T17:58:15.720+0530][gc,task       ] GC(3) Using 8 workers of 8 for evacuation
[2025-03-05T17:58:15.721+0530][gc,phases     ] GC(3)   Pre Evacuate Collection Set: 0.0ms
[2025-03-05T17:58:15.721+0530][gc,phases     ] GC(3)   Evacuate Collection Set: 1.2ms
[2025-03-05T17:58:15.721+0530][gc,phases     ] GC(3)   Post Evacuate Collection Set: 0.1ms
[2025-03-05T17:58:15.721+0530][gc,phases     ] GC(3)   Other: 0.1ms
[2025-03-05T17:58:15.721+0530][gc,heap       ] GC(3) Eden regions: 50->0(49)
[2025-03-05T17:58:15.721+0530][gc,heap       ] GC(3) Survivor regions: 1->2(7)
[2025-03-05T17:58:15.721+0530][gc,heap       ] GC(3) Old regions: 8->8
[2025-03-05T17:58:15.721+0530][gc,heap       ] GC(3) Archive regions: 0->0
[2025-03-05T17:58:15.721+0530][gc,heap       ] GC(3) Humongous regions: 129->129
[2025-03-05T17:58:15.721+0530][gc,metaspace  ] GC(3) Metaspace: 29631K(30512K)->29631K(30512K) NonClass: 26099K(26544K)->26099K(26544K) Class: 3531K(3968K)->3531K(3968K)
[2025-03-05T17:58:15.721+0530][gc            ] GC(3) Pause Young (Normal) (G1 Evacuation Pause) 187M->138M(1024M) 1.413ms
[2025-03-05T17:58:15.721+0530][gc,cpu        ] GC(3) User=0.01s Sys=0.00s Real=0.00s
[2025-03-05T17:58:15.833+0530][gc,start      ] GC(4) Pause Young (Concurrent Start) (Metadata GC Threshold)
[2025-03-05T17:58:15.833+0530][gc,task       ] GC(4) Using 8 workers of 8 for evacuation
[2025-03-05T17:58:15.834+0530][gc,phases     ] GC(4)   Pre Evacuate Collection Set: 0.0ms
[2025-03-05T17:58:15.834+0530][gc,phases     ] GC(4)   Evacuate Collection Set: 1.1ms
[2025-03-05T17:58:15.834+0530][gc,phases     ] GC(4)   Post Evacuate Collection Set: 0.1ms
[2025-03-05T17:58:15.834+0530][gc,phases     ] GC(4)   Other: 0.1ms
[2025-03-05T17:58:15.834+0530][gc,heap       ] GC(4) Eden regions: 30->0(48)
[2025-03-05T17:58:15.834+0530][gc,heap       ] GC(4) Survivor regions: 2->3(7)
[2025-03-05T17:58:15.834+0530][gc,heap       ] GC(4) Old regions: 8->8
[2025-03-05T17:58:15.834+0530][gc,heap       ] GC(4) Archive regions: 0->0
[2025-03-05T17:58:15.834+0530][gc,heap       ] GC(4) Humongous regions: 129->129
[2025-03-05T17:58:15.834+0530][gc,metaspace  ] GC(4) Metaspace: 35141K(35888K)->35141K(35888K) NonClass: 31258K(31664K)->31258K(31664K) Class: 3882K(4224K)->3882K(4224K)
[2025-03-05T17:58:15.835+0530][gc            ] GC(4) Pause Young (Concurrent Start) (Metadata GC Threshold) 168M->139M(1024M) 1.364ms
[2025-03-05T17:58:15.835+0530][gc,cpu        ] GC(4) User=0.01s Sys=0.00s Real=0.00s
[2025-03-05T17:58:15.835+0530][gc            ] GC(5) Concurrent Cycle
[2025-03-05T17:58:15.835+0530][gc,marking    ] GC(5) Concurrent Clear Claimed Marks
[2025-03-05T17:58:15.835+0530][gc,marking    ] GC(5) Concurrent Clear Claimed Marks 0.014ms
[2025-03-05T17:58:15.835+0530][gc,marking    ] GC(5) Concurrent Scan Root Regions
[2025-03-05T17:58:15.835+0530][gc,marking    ] GC(5) Concurrent Scan Root Regions 0.712ms
[2025-03-05T17:58:15.835+0530][gc,marking    ] GC(5) Concurrent Mark (6.043s)
[2025-03-05T17:58:15.835+0530][gc,marking    ] GC(5) Concurrent Mark From Roots
[2025-03-05T17:58:15.835+0530][gc,task       ] GC(5) Using 2 workers of 2 for marking
[2025-03-05T17:58:15.837+0530][gc,marking    ] GC(5) Concurrent Mark From Roots 2.183ms
[2025-03-05T17:58:15.837+0530][gc,marking    ] GC(5) Concurrent Preclean
[2025-03-05T17:58:15.838+0530][gc,marking    ] GC(5) Concurrent Preclean 0.024ms
[2025-03-05T17:58:15.838+0530][gc,marking    ] GC(5) Concurrent Mark (6.043s, 6.045s) 2.240ms
[2025-03-05T17:58:15.838+0530][gc,start      ] GC(5) Pause Remark
[2025-03-05T17:58:15.838+0530][gc,stringtable] GC(5) Cleaned string and symbol table, strings: 11581 processed, 12 removed, symbols: 101489 processed, 19 removed
[2025-03-05T17:58:15.839+0530][gc            ] GC(5) Pause Remark 140M->140M(1024M) 0.955ms
[2025-03-05T17:58:15.839+0530][gc,cpu        ] GC(5) User=0.00s Sys=0.00s Real=0.00s
[2025-03-05T17:58:15.839+0530][gc,marking    ] GC(5) Concurrent Rebuild Remembered Sets
[2025-03-05T17:58:15.840+0530][gc,marking    ] GC(5) Concurrent Rebuild Remembered Sets 1.559ms
[2025-03-05T17:58:15.840+0530][gc,start      ] GC(5) Pause Cleanup
[2025-03-05T17:58:15.840+0530][gc            ] GC(5) Pause Cleanup 140M->140M(1024M) 0.071ms
[2025-03-05T17:58:15.840+0530][gc,cpu        ] GC(5) User=0.00s Sys=0.00s Real=0.00s
[2025-03-05T17:58:15.840+0530][gc,marking    ] GC(5) Concurrent Cleanup for Next Mark
[2025-03-05T17:58:15.841+0530][gc,marking    ] GC(5) Concurrent Cleanup for Next Mark 1.169ms
[2025-03-05T17:58:15.841+0530][gc            ] GC(5) Concurrent Cycle 6.971ms
[2025-03-05T17:58:16.051+0530][gc,start      ] GC(6) Pause Young (Normal) (G1 Evacuation Pause)
[2025-03-05T17:58:16.051+0530][gc,task       ] GC(6) Using 8 workers of 8 for evacuation
[2025-03-05T17:58:16.053+0530][gc,phases     ] GC(6)   Pre Evacuate Collection Set: 0.0ms
[2025-03-05T17:58:16.053+0530][gc,phases     ] GC(6)   Evacuate Collection Set: 1.9ms
[2025-03-05T17:58:16.053+0530][gc,phases     ] GC(6)   Post Evacuate Collection Set: 0.2ms
[2025-03-05T17:58:16.053+0530][gc,phases     ] GC(6)   Other: 0.1ms
[2025-03-05T17:58:16.053+0530][gc,heap       ] GC(6) Eden regions: 48->0(44)
[2025-03-05T17:58:16.053+0530][gc,heap       ] GC(6) Survivor regions: 3->7(7)
[2025-03-05T17:58:16.053+0530][gc,heap       ] GC(6) Old regions: 8->8
[2025-03-05T17:58:16.053+0530][gc,heap       ] GC(6) Archive regions: 0->0
[2025-03-05T17:58:16.053+0530][gc,heap       ] GC(6) Humongous regions: 129->129
[2025-03-05T17:58:16.053+0530][gc,metaspace  ] GC(6) Metaspace: 42381K(43792K)->42381K(43792K) NonClass: 37557K(38320K)->37557K(38320K) Class: 4824K(5472K)->4824K(5472K)
[2025-03-05T17:58:16.053+0530][gc            ] GC(6) Pause Young (Normal) (G1 Evacuation Pause) 187M->143M(1024M) 2.461ms
[2025-03-05T17:58:16.053+0530][gc,cpu        ] GC(6) User=0.01s Sys=0.00s Real=0.00s
[2025-03-05T18:07:45.625+0530][gc,start      ] GC(7) Pause Young (Normal) (G1 Evacuation Pause)
[2025-03-05T18:07:45.625+0530][gc,task       ] GC(7) Using 8 workers of 8 for evacuation
[2025-03-05T18:07:45.641+0530][gc,phases     ] GC(7)   Pre Evacuate Collection Set: 0.1ms
[2025-03-05T18:07:45.641+0530][gc,phases     ] GC(7)   Evacuate Collection Set: 14.8ms
[2025-03-05T18:07:45.641+0530][gc,phases     ] GC(7)   Post Evacuate Collection Set: 0.9ms
[2025-03-05T18:07:45.641+0530][gc,phases     ] GC(7)   Other: 0.5ms
[2025-03-05T18:07:45.641+0530][gc,heap       ] GC(7) Eden regions: 44->0(48)
[2025-03-05T18:07:45.641+0530][gc,heap       ] GC(7) Survivor regions: 7->3(7)
[2025-03-05T18:07:45.641+0530][gc,heap       ] GC(7) Old regions: 8->15
[2025-03-05T18:07:45.641+0530][gc,heap       ] GC(7) Archive regions: 0->0
[2025-03-05T18:07:45.641+0530][gc,heap       ] GC(7) Humongous regions: 129->129
[2025-03-05T18:07:45.641+0530][gc,metaspace  ] GC(7) Metaspace: 48908K(51600K)->48908K(51600K) NonClass: 42742K(44208K)->42742K(44208K) Class: 6166K(7392K)->6166K(7392K)
[2025-03-05T18:07:45.641+0530][gc            ] GC(7) Pause Young (Normal) (G1 Evacuation Pause) 187M->145M(1024M) 16.464ms
[2025-03-05T18:07:45.641+0530][gc,cpu        ] GC(7) User=0.04s Sys=0.01s Real=0.02s
[2025-03-05T18:32:12.452+0530][gc,start      ] GC(8) Pause Young (Normal) (G1 Evacuation Pause)
[2025-03-05T18:32:12.452+0530][gc,task       ] GC(8) Using 8 workers of 8 for evacuation
[2025-03-05T18:32:12.459+0530][gc,phases     ] GC(8)   Pre Evacuate Collection Set: 0.4ms
[2025-03-05T18:32:12.459+0530][gc,phases     ] GC(8)   Evacuate Collection Set: 5.3ms
[2025-03-05T18:32:12.459+0530][gc,phases     ] GC(8)   Post Evacuate Collection Set: 0.7ms
[2025-03-05T18:32:12.459+0530][gc,phases     ] GC(8)   Other: 0.9ms
[2025-03-05T18:32:12.459+0530][gc,heap       ] GC(8) Eden regions: 48->0(47)
[2025-03-05T18:32:12.459+0530][gc,heap       ] GC(8) Survivor regions: 3->4(7)
[2025-03-05T18:32:12.459+0530][gc,heap       ] GC(8) Old regions: 15->15
[2025-03-05T18:32:12.459+0530][gc,heap       ] GC(8) Archive regions: 0->0
[2025-03-05T18:32:12.459+0530][gc,heap       ] GC(8) Humongous regions: 129->129
[2025-03-05T18:32:12.459+0530][gc,metaspace  ] GC(8) Metaspace: 51499K(54544K)->51499K(54544K) NonClass: 44917K(46512K)->44917K(46512K) Class: 6581K(8032K)->6581K(8032K)
[2025-03-05T18:32:12.459+0530][gc            ] GC(8) Pause Young (Normal) (G1 Evacuation Pause) 193M->147M(1024M) 7.422ms
[2025-03-05T18:32:12.459+0530][gc,cpu        ] GC(8) User=0.03s Sys=0.01s Real=0.00s
[2025-03-05T18:57:29.543+0530][gc,start      ] GC(9) Pause Young (Normal) (G1 Evacuation Pause)
[2025-03-05T18:57:29.544+0530][gc,task       ] GC(9) Using 8 workers of 8 for evacuation
[2025-03-05T18:57:29.550+0530][gc,phases     ] GC(9)   Pre Evacuate Collection Set: 0.3ms
[2025-03-05T18:57:29.550+0530][gc,phases     ] GC(9)   Evacuate Collection Set: 5.6ms
[2025-03-05T18:57:29.550+0530][gc,phases     ] GC(9)   Post Evacuate Collection Set: 0.7ms
[2025-03-05T18:57:29.550+0530][gc,phases     ] GC(9)   Other: 0.4ms
[2025-03-05T18:57:29.550+0530][gc,heap       ] GC(9) Eden regions: 47->0(48)
[2025-03-05T18:57:29.551+0530][gc,heap       ] GC(9) Survivor regions: 4->3(7)
[2025-03-05T18:57:29.551+0530][gc,heap       ] GC(9) Old regions: 15->16
[2025-03-05T18:57:29.551+0530][gc,heap       ] GC(9) Archive regions: 0->0
[2025-03-05T18:57:29.551+0530][gc,heap       ] GC(9) Humongous regions: 129->129
[2025-03-05T18:57:29.551+0530][gc,metaspace  ] GC(9) Metaspace: 52632K(55824K)->52632K(55824K) NonClass: 45854K(47536K)->45854K(47536K) Class: 6777K(8288K)->6777K(8288K)
[2025-03-05T18:57:29.551+0530][gc            ] GC(9) Pause Young (Normal) (G1 Evacuation Pause) 194M->147M(1024M) 7.185ms
[2025-03-05T18:57:29.551+0530][gc,cpu        ] GC(9) User=0.02s Sys=0.01s Real=0.01s
[2025-03-05T18:57:30.249+0530][gc,heap,exit  ] Heap
[2025-03-05T18:57:30.249+0530][gc,heap,exit  ]  garbage-first heap   total 1048576K, used 155282K [0x0000000780000000, 0x00000007c0000000)
[2025-03-05T18:57:30.249+0530][gc,heap,exit  ]   region size 1024K, 8 young (8192K), 3 survivors (3072K)
[2025-03-05T18:57:30.249+0530][gc,heap,exit  ]  Metaspace       used 52937K, capacity 55964K, committed 56208K, reserved 1097728K
[2025-03-05T18:57:30.249+0530][gc,heap,exit  ]   class space    used 6848K, capacity 8357K, committed 8416K, reserved 1048576K
