[2025-03-05T18:59:59.507+0530][gc,heap] Heap region size: 1M
[2025-03-05T18:59:59.509+0530][gc     ] Using G1
[2025-03-05T18:59:59.509+0530][gc,heap,coops] Heap address: 0x0000000780000000, size: 1024 MB, Compressed Oops mode: Zero based, Oop shift amount: 3
[2025-03-05T19:00:05.037+0530][gc,start     ] GC(0) Pause Young (Normal) (G1 Evacuation Pause)
[2025-03-05T19:00:05.037+0530][gc,task      ] GC(0) Using 8 workers of 8 for evacuation
[2025-03-05T19:00:05.040+0530][gc,phases    ] GC(0)   Pre Evacuate Collection Set: 0.0ms
[2025-03-05T19:00:05.041+0530][gc,phases    ] GC(0)   Evacuate Collection Set: 2.8ms
[2025-03-05T19:00:05.041+0530][gc,phases    ] GC(0)   Post Evacuate Collection Set: 0.3ms
[2025-03-05T19:00:05.041+0530][gc,phases    ] GC(0)   Other: 0.3ms
[2025-03-05T19:00:05.041+0530][gc,heap      ] GC(0) Eden regions: 51->0(44)
[2025-03-05T19:00:05.041+0530][gc,heap      ] GC(0) Survivor regions: 0->7(7)
[2025-03-05T19:00:05.041+0530][gc,heap      ] GC(0) Old regions: 0->1
[2025-03-05T19:00:05.041+0530][gc,heap      ] GC(0) Archive regions: 0->0
[2025-03-05T19:00:05.041+0530][gc,heap      ] GC(0) Humongous regions: 0->0
[2025-03-05T19:00:05.041+0530][gc,metaspace ] GC(0) Metaspace: 20299K(20992K)->20299K(20992K) NonClass: 17968K(18432K)->17968K(18432K) Class: 2330K(2560K)->2330K(2560K)
[2025-03-05T19:00:05.041+0530][gc           ] GC(0) Pause Young (Normal) (G1 Evacuation Pause) 51M->7M(1024M) 3.853ms
[2025-03-05T19:00:05.041+0530][gc,cpu       ] GC(0) User=0.02s Sys=0.01s Real=0.01s
[2025-03-05T19:00:05.052+0530][gc,start     ] GC(1) Pause Young (Concurrent Start) (Metadata GC Threshold)
[2025-03-05T19:00:05.052+0530][gc,task      ] GC(1) Using 8 workers of 8 for evacuation
[2025-03-05T19:00:05.055+0530][gc,phases    ] GC(1)   Pre Evacuate Collection Set: 0.0ms
[2025-03-05T19:00:05.055+0530][gc,phases    ] GC(1)   Evacuate Collection Set: 3.0ms
[2025-03-05T19:00:05.055+0530][gc,phases    ] GC(1)   Post Evacuate Collection Set: 0.1ms
[2025-03-05T19:00:05.055+0530][gc,phases    ] GC(1)   Other: 0.1ms
[2025-03-05T19:00:05.055+0530][gc,heap      ] GC(1) Eden regions: 3->0(50)
[2025-03-05T19:00:05.055+0530][gc,heap      ] GC(1) Survivor regions: 7->1(7)
[2025-03-05T19:00:05.055+0530][gc,heap      ] GC(1) Old regions: 1->8
[2025-03-05T19:00:05.055+0530][gc,heap      ] GC(1) Archive regions: 0->0
[2025-03-05T19:00:05.055+0530][gc,heap      ] GC(1) Humongous regions: 0->0
[2025-03-05T19:00:05.055+0530][gc,metaspace ] GC(1) Metaspace: 20682K(21296K)->20682K(21296K) NonClass: 18291K(18608K)->18291K(18608K) Class: 2391K(2688K)->2391K(2688K)
[2025-03-05T19:00:05.055+0530][gc           ] GC(1) Pause Young (Concurrent Start) (Metadata GC Threshold) 10M->8M(1024M) 3.287ms
[2025-03-05T19:00:05.055+0530][gc,cpu       ] GC(1) User=0.01s Sys=0.00s Real=0.00s
[2025-03-05T19:00:05.055+0530][gc           ] GC(2) Concurrent Cycle
[2025-03-05T19:00:05.055+0530][gc,marking   ] GC(2) Concurrent Clear Claimed Marks
[2025-03-05T19:00:05.055+0530][gc,marking   ] GC(2) Concurrent Clear Claimed Marks 0.016ms
[2025-03-05T19:00:05.055+0530][gc,marking   ] GC(2) Concurrent Scan Root Regions
[2025-03-05T19:00:05.055+0530][gc,marking   ] GC(2) Concurrent Scan Root Regions 0.063ms
[2025-03-05T19:00:05.055+0530][gc,marking   ] GC(2) Concurrent Mark (5.556s)
[2025-03-05T19:00:05.055+0530][gc,marking   ] GC(2) Concurrent Mark From Roots
[2025-03-05T19:00:05.055+0530][gc,task      ] GC(2) Using 2 workers of 2 for marking
[2025-03-05T19:00:05.057+0530][gc,marking   ] GC(2) Concurrent Mark From Roots 2.268ms
[2025-03-05T19:00:05.057+0530][gc,marking   ] GC(2) Concurrent Preclean
[2025-03-05T19:00:05.058+0530][gc,marking   ] GC(2) Concurrent Preclean 0.023ms
[2025-03-05T19:00:05.058+0530][gc,marking   ] GC(2) Concurrent Mark (5.556s, 5.558s) 2.312ms
[2025-03-05T19:00:05.058+0530][gc,start     ] GC(2) Pause Remark
[2025-03-05T19:00:05.058+0530][gc,stringtable] GC(2) Cleaned string and symbol table, strings: 7926 processed, 0 removed, symbols: 69125 processed, 39 removed
[2025-03-05T19:00:05.059+0530][gc            ] GC(2) Pause Remark 9M->9M(1024M) 0.976ms
[2025-03-05T19:00:05.059+0530][gc,cpu        ] GC(2) User=0.00s Sys=0.00s Real=0.00s
[2025-03-05T19:00:05.059+0530][gc,marking    ] GC(2) Concurrent Rebuild Remembered Sets
[2025-03-05T19:00:05.060+0530][gc,marking    ] GC(2) Concurrent Rebuild Remembered Sets 1.675ms
[2025-03-05T19:00:05.060+0530][gc,start      ] GC(2) Pause Cleanup
[2025-03-05T19:00:05.060+0530][gc            ] GC(2) Pause Cleanup 9M->9M(1024M) 0.071ms
[2025-03-05T19:00:05.060+0530][gc,cpu        ] GC(2) User=0.00s Sys=0.00s Real=0.00s
[2025-03-05T19:00:05.060+0530][gc,marking    ] GC(2) Concurrent Cleanup for Next Mark
[2025-03-05T19:00:05.062+0530][gc,marking    ] GC(2) Concurrent Cleanup for Next Mark 1.125ms
[2025-03-05T19:00:05.062+0530][gc            ] GC(2) Concurrent Cycle 6.567ms
[2025-03-05T19:00:05.425+0530][gc,start      ] GC(3) Pause Young (Normal) (G1 Evacuation Pause)
[2025-03-05T19:00:05.425+0530][gc,task       ] GC(3) Using 8 workers of 8 for evacuation
[2025-03-05T19:00:05.426+0530][gc,phases     ] GC(3)   Pre Evacuate Collection Set: 0.0ms
[2025-03-05T19:00:05.426+0530][gc,phases     ] GC(3)   Evacuate Collection Set: 1.1ms
[2025-03-05T19:00:05.426+0530][gc,phases     ] GC(3)   Post Evacuate Collection Set: 0.1ms
[2025-03-05T19:00:05.426+0530][gc,phases     ] GC(3)   Other: 0.1ms
[2025-03-05T19:00:05.426+0530][gc,heap       ] GC(3) Eden regions: 50->0(49)
[2025-03-05T19:00:05.426+0530][gc,heap       ] GC(3) Survivor regions: 1->2(7)
[2025-03-05T19:00:05.426+0530][gc,heap       ] GC(3) Old regions: 8->8
[2025-03-05T19:00:05.426+0530][gc,heap       ] GC(3) Archive regions: 0->0
[2025-03-05T19:00:05.426+0530][gc,heap       ] GC(3) Humongous regions: 0->0
[2025-03-05T19:00:05.427+0530][gc,metaspace  ] GC(3) Metaspace: 29312K(30256K)->29312K(30256K) NonClass: 25815K(26288K)->25815K(26288K) Class: 3497K(3968K)->3497K(3968K)
[2025-03-05T19:00:05.427+0530][gc            ] GC(3) Pause Young (Normal) (G1 Evacuation Pause) 58M->9M(1024M) 1.315ms
[2025-03-05T19:00:05.427+0530][gc,cpu        ] GC(3) User=0.01s Sys=0.00s Real=0.00s
[2025-03-05T19:00:05.844+0530][gc,start      ] GC(4) Pause Young (Concurrent Start) (Metadata GC Threshold)
[2025-03-05T19:00:05.844+0530][gc,task       ] GC(4) Using 8 workers of 8 for evacuation
[2025-03-05T19:00:05.846+0530][gc,phases     ] GC(4)   Pre Evacuate Collection Set: 0.0ms
[2025-03-05T19:00:05.846+0530][gc,phases     ] GC(4)   Evacuate Collection Set: 2.0ms
[2025-03-05T19:00:05.846+0530][gc,phases     ] GC(4)   Post Evacuate Collection Set: 0.1ms
[2025-03-05T19:00:05.846+0530][gc,phases     ] GC(4)   Other: 0.1ms
[2025-03-05T19:00:05.846+0530][gc,heap       ] GC(4) Eden regions: 38->0(47)
[2025-03-05T19:00:05.846+0530][gc,heap       ] GC(4) Survivor regions: 2->4(7)
[2025-03-05T19:00:05.846+0530][gc,heap       ] GC(4) Old regions: 8->8
[2025-03-05T19:00:05.846+0530][gc,heap       ] GC(4) Archive regions: 0->0
[2025-03-05T19:00:05.846+0530][gc,heap       ] GC(4) Humongous regions: 129->129
[2025-03-05T19:00:05.846+0530][gc,metaspace  ] GC(4) Metaspace: 34921K(35888K)->34921K(35888K) NonClass: 30966K(31408K)->30966K(31408K) Class: 3955K(4480K)->3955K(4480K)
[2025-03-05T19:00:05.846+0530][gc            ] GC(4) Pause Young (Concurrent Start) (Metadata GC Threshold) 176M->140M(1024M) 2.305ms
[2025-03-05T19:00:05.846+0530][gc,cpu        ] GC(4) User=0.01s Sys=0.00s Real=0.00s
[2025-03-05T19:00:05.846+0530][gc            ] GC(5) Concurrent Cycle
[2025-03-05T19:00:05.846+0530][gc,marking    ] GC(5) Concurrent Clear Claimed Marks
[2025-03-05T19:00:05.846+0530][gc,marking    ] GC(5) Concurrent Clear Claimed Marks 0.014ms
[2025-03-05T19:00:05.846+0530][gc,marking    ] GC(5) Concurrent Scan Root Regions
[2025-03-05T19:00:05.847+0530][gc,marking    ] GC(5) Concurrent Scan Root Regions 0.741ms
[2025-03-05T19:00:05.847+0530][gc,marking    ] GC(5) Concurrent Mark (6.348s)
[2025-03-05T19:00:05.847+0530][gc,marking    ] GC(5) Concurrent Mark From Roots
[2025-03-05T19:00:05.847+0530][gc,task       ] GC(5) Using 2 workers of 2 for marking
[2025-03-05T19:00:05.849+0530][gc,marking    ] GC(5) Concurrent Mark From Roots 2.401ms
[2025-03-05T19:00:05.849+0530][gc,marking    ] GC(5) Concurrent Preclean
[2025-03-05T19:00:05.849+0530][gc,marking    ] GC(5) Concurrent Preclean 0.022ms
[2025-03-05T19:00:05.849+0530][gc,marking    ] GC(5) Concurrent Mark (6.348s, 6.350s) 2.455ms
[2025-03-05T19:00:05.849+0530][gc,start      ] GC(5) Pause Remark
[2025-03-05T19:00:05.850+0530][gc,stringtable] GC(5) Cleaned string and symbol table, strings: 11594 processed, 12 removed, symbols: 102076 processed, 19 removed
[2025-03-05T19:00:05.850+0530][gc            ] GC(5) Pause Remark 141M->141M(1024M) 1.140ms
[2025-03-05T19:00:05.850+0530][gc,cpu        ] GC(5) User=0.01s Sys=0.00s Real=0.01s
[2025-03-05T19:00:05.850+0530][gc,marking    ] GC(5) Concurrent Rebuild Remembered Sets
[2025-03-05T19:00:05.852+0530][gc,marking    ] GC(5) Concurrent Rebuild Remembered Sets 1.666ms
[2025-03-05T19:00:05.852+0530][gc,start      ] GC(5) Pause Cleanup
[2025-03-05T19:00:05.852+0530][gc            ] GC(5) Pause Cleanup 142M->142M(1024M) 0.067ms
[2025-03-05T19:00:05.852+0530][gc,cpu        ] GC(5) User=0.00s Sys=0.00s Real=0.00s
[2025-03-05T19:00:05.852+0530][gc,marking    ] GC(5) Concurrent Cleanup for Next Mark
[2025-03-05T19:00:05.853+0530][gc,marking    ] GC(5) Concurrent Cleanup for Next Mark 1.127ms
[2025-03-05T19:00:05.854+0530][gc            ] GC(5) Concurrent Cycle 8.103ms
[2025-03-05T19:00:06.049+0530][gc,start      ] GC(6) Pause Young (Normal) (G1 Evacuation Pause)
[2025-03-05T19:00:06.049+0530][gc,task       ] GC(6) Using 8 workers of 8 for evacuation
[2025-03-05T19:00:06.052+0530][gc,phases     ] GC(6)   Pre Evacuate Collection Set: 0.0ms
[2025-03-05T19:00:06.052+0530][gc,phases     ] GC(6)   Evacuate Collection Set: 2.7ms
[2025-03-05T19:00:06.052+0530][gc,phases     ] GC(6)   Post Evacuate Collection Set: 0.2ms
[2025-03-05T19:00:06.052+0530][gc,phases     ] GC(6)   Other: 0.1ms
[2025-03-05T19:00:06.052+0530][gc,heap       ] GC(6) Eden regions: 47->0(44)
[2025-03-05T19:00:06.052+0530][gc,heap       ] GC(6) Survivor regions: 4->7(7)
[2025-03-05T19:00:06.052+0530][gc,heap       ] GC(6) Old regions: 8->8
[2025-03-05T19:00:06.052+0530][gc,heap       ] GC(6) Archive regions: 0->0
[2025-03-05T19:00:06.052+0530][gc,heap       ] GC(6) Humongous regions: 129->129
[2025-03-05T19:00:06.052+0530][gc,metaspace  ] GC(6) Metaspace: 41905K(43440K)->41905K(43440K) NonClass: 37167K(38064K)->37167K(38064K) Class: 4738K(5376K)->4738K(5376K)
[2025-03-05T19:00:06.052+0530][gc            ] GC(6) Pause Young (Normal) (G1 Evacuation Pause) 187M->143M(1024M) 3.095ms
[2025-03-05T19:00:06.052+0530][gc,cpu        ] GC(6) User=0.02s Sys=0.00s Real=0.01s
[2025-03-05T19:00:35.696+0530][gc,start      ] GC(7) Pause Young (Normal) (G1 Evacuation Pause)
[2025-03-05T19:00:35.696+0530][gc,task       ] GC(7) Using 8 workers of 8 for evacuation
[2025-03-05T19:00:35.706+0530][gc,phases     ] GC(7)   Pre Evacuate Collection Set: 0.1ms
[2025-03-05T19:00:35.706+0530][gc,phases     ] GC(7)   Evacuate Collection Set: 9.1ms
[2025-03-05T19:00:35.706+0530][gc,phases     ] GC(7)   Post Evacuate Collection Set: 0.8ms
[2025-03-05T19:00:35.706+0530][gc,phases     ] GC(7)   Other: 0.3ms
[2025-03-05T19:00:35.706+0530][gc,heap       ] GC(7) Eden regions: 44->0(48)
[2025-03-05T19:00:35.706+0530][gc,heap       ] GC(7) Survivor regions: 7->3(7)
[2025-03-05T19:00:35.706+0530][gc,heap       ] GC(7) Old regions: 8->15
[2025-03-05T19:00:35.706+0530][gc,heap       ] GC(7) Archive regions: 0->0
[2025-03-05T19:00:35.707+0530][gc,heap       ] GC(7) Humongous regions: 147->129
[2025-03-05T19:00:35.707+0530][gc,metaspace  ] GC(7) Metaspace: 48572K(50992K)->48572K(50992K) NonClass: 42637K(43952K)->42637K(43952K) Class: 5934K(7040K)->5934K(7040K)
[2025-03-05T19:00:35.707+0530][gc            ] GC(7) Pause Young (Normal) (G1 Evacuation Pause) 205M->145M(1024M) 10.288ms
[2025-03-05T19:00:35.707+0530][gc,cpu        ] GC(7) User=0.02s Sys=0.00s Real=0.01s
[2025-03-05T19:21:21.233+0530][gc,start      ] GC(8) Pause Young (Normal) (G1 Evacuation Pause)
[2025-03-05T19:21:21.234+0530][gc,task       ] GC(8) Using 8 workers of 8 for evacuation
[2025-03-05T19:21:21.249+0530][gc,phases     ] GC(8)   Pre Evacuate Collection Set: 0.3ms
[2025-03-05T19:21:21.249+0530][gc,phases     ] GC(8)   Evacuate Collection Set: 12.8ms
[2025-03-05T19:21:21.249+0530][gc,phases     ] GC(8)   Post Evacuate Collection Set: 0.9ms
[2025-03-05T19:21:21.249+0530][gc,phases     ] GC(8)   Other: 1.7ms
[2025-03-05T19:21:21.249+0530][gc,heap       ] GC(8) Eden regions: 48->0(47)
[2025-03-05T19:21:21.249+0530][gc,heap       ] GC(8) Survivor regions: 3->4(7)
[2025-03-05T19:21:21.249+0530][gc,heap       ] GC(8) Old regions: 15->15
[2025-03-05T19:21:21.249+0530][gc,heap       ] GC(8) Archive regions: 0->0
[2025-03-05T19:21:21.249+0530][gc,heap       ] GC(8) Humongous regions: 129->129
[2025-03-05T19:21:21.249+0530][gc,metaspace  ] GC(8) Metaspace: 51562K(54576K)->51562K(54576K) NonClass: 44932K(46512K)->44932K(46512K) Class: 6630K(8064K)->6630K(8064K)
[2025-03-05T19:21:21.249+0530][gc            ] GC(8) Pause Young (Normal) (G1 Evacuation Pause) 193M->146M(1024M) 16.339ms
[2025-03-05T19:21:21.249+0530][gc,cpu        ] GC(8) User=0.02s Sys=0.02s Real=0.01s
[2025-03-05T21:38:24.386+0530][gc,start      ] GC(9) Pause Young (Normal) (G1 Evacuation Pause)
[2025-03-05T21:38:24.387+0530][gc,task       ] GC(9) Using 8 workers of 8 for evacuation
[2025-03-05T21:38:24.402+0530][gc,phases     ] GC(9)   Pre Evacuate Collection Set: 0.6ms
[2025-03-05T21:38:24.402+0530][gc,phases     ] GC(9)   Evacuate Collection Set: 12.9ms
[2025-03-05T21:38:24.402+0530][gc,phases     ] GC(9)   Post Evacuate Collection Set: 1.3ms
[2025-03-05T21:38:24.402+0530][gc,phases     ] GC(9)   Other: 1.3ms
[2025-03-05T21:38:24.402+0530][gc,heap       ] GC(9) Eden regions: 47->0(47)
[2025-03-05T21:38:24.402+0530][gc,heap       ] GC(9) Survivor regions: 4->4(7)
[2025-03-05T21:38:24.402+0530][gc,heap       ] GC(9) Old regions: 15->15
[2025-03-05T21:38:24.402+0530][gc,heap       ] GC(9) Archive regions: 0->0
[2025-03-05T21:38:24.402+0530][gc,heap       ] GC(9) Humongous regions: 129->129
[2025-03-05T21:38:24.402+0530][gc,metaspace  ] GC(9) Metaspace: 52039K(55216K)->52039K(55216K) NonClass: 45396K(47024K)->45396K(47024K) Class: 6643K(8192K)->6643K(8192K)
[2025-03-05T21:38:24.403+0530][gc            ] GC(9) Pause Young (Normal) (G1 Evacuation Pause) 193M->146M(1024M) 16.237ms
[2025-03-05T21:38:24.403+0530][gc,cpu        ] GC(9) User=0.02s Sys=0.02s Real=0.02s
[2025-03-05T22:11:44.523+0530][gc,start      ] GC(10) Pause Young (Normal) (G1 Evacuation Pause)
[2025-03-05T22:11:44.524+0530][gc,task       ] GC(10) Using 8 workers of 8 for evacuation
[2025-03-05T22:11:44.535+0530][gc,phases     ] GC(10)   Pre Evacuate Collection Set: 0.4ms
[2025-03-05T22:11:44.535+0530][gc,phases     ] GC(10)   Evacuate Collection Set: 8.8ms
[2025-03-05T22:11:44.535+0530][gc,phases     ] GC(10)   Post Evacuate Collection Set: 0.9ms
[2025-03-05T22:11:44.535+0530][gc,phases     ] GC(10)   Other: 1.6ms
[2025-03-05T22:11:44.535+0530][gc,heap       ] GC(10) Eden regions: 47->0(47)
[2025-03-05T22:11:44.535+0530][gc,heap       ] GC(10) Survivor regions: 4->4(7)
[2025-03-05T22:11:44.535+0530][gc,heap       ] GC(10) Old regions: 15->15
[2025-03-05T22:11:44.535+0530][gc,heap       ] GC(10) Archive regions: 0->0
[2025-03-05T22:11:44.535+0530][gc,heap       ] GC(10) Humongous regions: 129->129
[2025-03-05T22:11:44.535+0530][gc,metaspace  ] GC(10) Metaspace: 52122K(55216K)->52122K(55216K) NonClass: 45473K(47024K)->45473K(47024K) Class: 6648K(8192K)->6648K(8192K)
[2025-03-05T22:11:44.535+0530][gc            ] GC(10) Pause Young (Normal) (G1 Evacuation Pause) 193M->146M(1024M) 11.845ms
[2025-03-05T22:11:44.535+0530][gc,cpu        ] GC(10) User=0.02s Sys=0.02s Real=0.01s
[2025-03-05T22:45:16.536+0530][gc,start      ] GC(11) Pause Young (Normal) (G1 Evacuation Pause)
[2025-03-05T22:45:16.537+0530][gc,task       ] GC(11) Using 8 workers of 8 for evacuation
[2025-03-05T22:45:16.546+0530][gc,phases     ] GC(11)   Pre Evacuate Collection Set: 0.2ms
[2025-03-05T22:45:16.546+0530][gc,phases     ] GC(11)   Evacuate Collection Set: 7.9ms
[2025-03-05T22:45:16.546+0530][gc,phases     ] GC(11)   Post Evacuate Collection Set: 0.8ms
[2025-03-05T22:45:16.546+0530][gc,phases     ] GC(11)   Other: 1.7ms
[2025-03-05T22:45:16.546+0530][gc,heap       ] GC(11) Eden regions: 47->0(47)
[2025-03-05T22:45:16.546+0530][gc,heap       ] GC(11) Survivor regions: 4->4(7)
[2025-03-05T22:45:16.546+0530][gc,heap       ] GC(11) Old regions: 15->15
[2025-03-05T22:45:16.546+0530][gc,heap       ] GC(11) Archive regions: 0->0
[2025-03-05T22:45:16.546+0530][gc,heap       ] GC(11) Humongous regions: 129->129
[2025-03-05T22:45:16.546+0530][gc,metaspace  ] GC(11) Metaspace: 52144K(55216K)->52144K(55216K) NonClass: 45496K(47024K)->45496K(47024K) Class: 6648K(8192K)->6648K(8192K)
[2025-03-05T22:45:16.546+0530][gc            ] GC(11) Pause Young (Normal) (G1 Evacuation Pause) 193M->146M(1024M) 10.676ms
[2025-03-05T22:45:16.547+0530][gc,cpu        ] GC(11) User=0.03s Sys=0.00s Real=0.01s
[2025-03-05T23:22:06.728+0530][gc,start      ] GC(12) Pause Young (Normal) (G1 Evacuation Pause)
[2025-03-05T23:22:06.729+0530][gc,task       ] GC(12) Using 8 workers of 8 for evacuation
[2025-03-05T23:22:06.738+0530][gc,phases     ] GC(12)   Pre Evacuate Collection Set: 0.5ms
[2025-03-05T23:22:06.738+0530][gc,phases     ] GC(12)   Evacuate Collection Set: 7.7ms
[2025-03-05T23:22:06.738+0530][gc,phases     ] GC(12)   Post Evacuate Collection Set: 0.7ms
[2025-03-05T23:22:06.738+0530][gc,phases     ] GC(12)   Other: 1.1ms
[2025-03-05T23:22:06.738+0530][gc,heap       ] GC(12) Eden regions: 47->0(53)
[2025-03-05T23:22:06.738+0530][gc,heap       ] GC(12) Survivor regions: 4->4(7)
[2025-03-05T23:22:06.738+0530][gc,heap       ] GC(12) Old regions: 15->15
[2025-03-05T23:22:06.738+0530][gc,heap       ] GC(12) Archive regions: 0->0
[2025-03-05T23:22:06.738+0530][gc,heap       ] GC(12) Humongous regions: 129->129
[2025-03-05T23:22:06.738+0530][gc,metaspace  ] GC(12) Metaspace: 52171K(55216K)->52171K(55216K) NonClass: 45523K(47024K)->45523K(47024K) Class: 6648K(8192K)->6648K(8192K)
[2025-03-05T23:22:06.738+0530][gc            ] GC(12) Pause Young (Normal) (G1 Evacuation Pause) 193M->146M(1024M) 10.034ms
[2025-03-05T23:22:06.738+0530][gc,cpu        ] GC(12) User=0.02s Sys=0.01s Real=0.01s
[2025-03-06T00:00:18.778+0530][gc,start      ] GC(13) Pause Young (Normal) (G1 Evacuation Pause)
[2025-03-06T00:00:18.778+0530][gc,task       ] GC(13) Using 8 workers of 8 for evacuation
[2025-03-06T00:00:18.792+0530][gc,phases     ] GC(13)   Pre Evacuate Collection Set: 0.6ms
[2025-03-06T00:00:18.792+0530][gc,phases     ] GC(13)   Evacuate Collection Set: 11.7ms
[2025-03-06T00:00:18.792+0530][gc,phases     ] GC(13)   Post Evacuate Collection Set: 1.0ms
[2025-03-06T00:00:18.792+0530][gc,phases     ] GC(13)   Other: 1.1ms
[2025-03-06T00:00:18.792+0530][gc,heap       ] GC(13) Eden regions: 53->0(60)
[2025-03-06T00:00:18.792+0530][gc,heap       ] GC(13) Survivor regions: 4->4(8)
[2025-03-06T00:00:18.792+0530][gc,heap       ] GC(13) Old regions: 15->15
[2025-03-06T00:00:18.792+0530][gc,heap       ] GC(13) Archive regions: 0->0
[2025-03-06T00:00:18.792+0530][gc,heap       ] GC(13) Humongous regions: 129->129
[2025-03-06T00:00:18.792+0530][gc,metaspace  ] GC(13) Metaspace: 52175K(55216K)->52175K(55216K) NonClass: 45527K(47024K)->45527K(47024K) Class: 6648K(8192K)->6648K(8192K)
[2025-03-06T00:00:18.792+0530][gc            ] GC(13) Pause Young (Normal) (G1 Evacuation Pause) 199M->146M(1024M) 14.508ms
[2025-03-06T00:00:18.792+0530][gc,cpu        ] GC(13) User=0.03s Sys=0.02s Real=0.02s
[2025-03-06T11:25:33.151+0530][gc,start      ] GC(14) Pause Young (Normal) (G1 Evacuation Pause)
[2025-03-06T11:25:33.152+0530][gc,task       ] GC(14) Using 8 workers of 8 for evacuation
[2025-03-06T11:25:33.164+0530][gc,phases     ] GC(14)   Pre Evacuate Collection Set: 0.4ms
[2025-03-06T11:25:33.164+0530][gc,phases     ] GC(14)   Evacuate Collection Set: 10.0ms
[2025-03-06T11:25:33.164+0530][gc,phases     ] GC(14)   Post Evacuate Collection Set: 0.8ms
[2025-03-06T11:25:33.164+0530][gc,phases     ] GC(14)   Other: 1.5ms
[2025-03-06T11:25:33.164+0530][gc,heap       ] GC(14) Eden regions: 60->0(70)
[2025-03-06T11:25:33.164+0530][gc,heap       ] GC(14) Survivor regions: 4->4(8)
[2025-03-06T11:25:33.164+0530][gc,heap       ] GC(14) Old regions: 15->15
[2025-03-06T11:25:33.164+0530][gc,heap       ] GC(14) Archive regions: 0->0
[2025-03-06T11:25:33.164+0530][gc,heap       ] GC(14) Humongous regions: 129->129
[2025-03-06T11:25:33.164+0530][gc,metaspace  ] GC(14) Metaspace: 52194K(55216K)->52194K(55216K) NonClass: 45545K(47024K)->45545K(47024K) Class: 6648K(8192K)->6648K(8192K)
[2025-03-06T11:25:33.164+0530][gc            ] GC(14) Pause Young (Normal) (G1 Evacuation Pause) 206M->146M(1024M) 13.025ms
[2025-03-06T11:25:33.165+0530][gc,cpu        ] GC(14) User=0.03s Sys=0.01s Real=0.01s
[2025-03-06T12:01:52.186+0530][gc,heap,exit  ] Heap
[2025-03-06T12:01:52.186+0530][gc,heap,exit  ]  garbage-first heap   total 1048576K, used 213708K [0x0000000780000000, 0x00000007c0000000)
[2025-03-06T12:01:52.186+0530][gc,heap,exit  ]   region size 1024K, 68 young (69632K), 4 survivors (4096K)
[2025-03-06T12:01:52.186+0530][gc,heap,exit  ]  Metaspace       used 53146K, capacity 56197K, committed 56496K, reserved 1097728K
[2025-03-06T12:01:52.186+0530][gc,heap,exit  ]   class space    used 6868K, capacity 8379K, committed 8448K, reserved 1048576K
