[2025-03-05T14:03:19.848+0530][gc,heap] Heap region size: 1M
[2025-03-05T14:03:19.849+0530][gc     ] Using G1
[2025-03-05T14:03:19.849+0530][gc,heap,coops] Heap address: 0x0000000780000000, size: 1024 MB, Compressed Oops mode: Zero based, Oop shift amount: 3
[2025-03-05T14:03:25.386+0530][gc,start     ] GC(0) Pause Young (Normal) (G1 Evacuation Pause)
[2025-03-05T14:03:25.387+0530][gc,task      ] GC(0) Using 8 workers of 8 for evacuation
[2025-03-05T14:03:25.392+0530][gc,phases    ] GC(0)   Pre Evacuate Collection Set: 0.1ms
[2025-03-05T14:03:25.392+0530][gc,phases    ] GC(0)   Evacuate Collection Set: 5.0ms
[2025-03-05T14:03:25.392+0530][gc,phases    ] GC(0)   Post Evacuate Collection Set: 0.5ms
[2025-03-05T14:03:25.393+0530][gc,phases    ] GC(0)   Other: 0.5ms
[2025-03-05T14:03:25.393+0530][gc,heap      ] GC(0) Eden regions: 51->0(44)
[2025-03-05T14:03:25.393+0530][gc,heap      ] GC(0) Survivor regions: 0->7(7)
[2025-03-05T14:03:25.393+0530][gc,heap      ] GC(0) Old regions: 0->1
[2025-03-05T14:03:25.393+0530][gc,heap      ] GC(0) Archive regions: 0->0
[2025-03-05T14:03:25.393+0530][gc,heap      ] GC(0) Humongous regions: 0->0
[2025-03-05T14:03:25.393+0530][gc,metaspace ] GC(0) Metaspace: 20308K(20992K)->20308K(20992K) NonClass: 17976K(18432K)->17976K(18432K) Class: 2331K(2560K)->2331K(2560K)
[2025-03-05T14:03:25.393+0530][gc           ] GC(0) Pause Young (Normal) (G1 Evacuation Pause) 51M->7M(1024M) 6.104ms
[2025-03-05T14:03:25.393+0530][gc,cpu       ] GC(0) User=0.02s Sys=0.00s Real=0.01s
[2025-03-05T14:03:25.406+0530][gc,start     ] GC(1) Pause Young (Concurrent Start) (Metadata GC Threshold)
[2025-03-05T14:03:25.406+0530][gc,task      ] GC(1) Using 8 workers of 8 for evacuation
[2025-03-05T14:03:25.409+0530][gc,phases    ] GC(1)   Pre Evacuate Collection Set: 0.0ms
[2025-03-05T14:03:25.409+0530][gc,phases    ] GC(1)   Evacuate Collection Set: 2.8ms
[2025-03-05T14:03:25.409+0530][gc,phases    ] GC(1)   Post Evacuate Collection Set: 0.2ms
[2025-03-05T14:03:25.409+0530][gc,phases    ] GC(1)   Other: 0.1ms
[2025-03-05T14:03:25.409+0530][gc,heap      ] GC(1) Eden regions: 3->0(50)
[2025-03-05T14:03:25.409+0530][gc,heap      ] GC(1) Survivor regions: 7->1(7)
[2025-03-05T14:03:25.409+0530][gc,heap      ] GC(1) Old regions: 1->8
[2025-03-05T14:03:25.409+0530][gc,heap      ] GC(1) Archive regions: 0->0
[2025-03-05T14:03:25.409+0530][gc,heap      ] GC(1) Humongous regions: 0->0
[2025-03-05T14:03:25.409+0530][gc,metaspace ] GC(1) Metaspace: 20680K(21296K)->20680K(21296K) NonClass: 18288K(18608K)->18288K(18608K) Class: 2391K(2688K)->2391K(2688K)
[2025-03-05T14:03:25.409+0530][gc           ] GC(1) Pause Young (Concurrent Start) (Metadata GC Threshold) 10M->8M(1024M) 3.216ms
[2025-03-05T14:03:25.409+0530][gc,cpu       ] GC(1) User=0.01s Sys=0.00s Real=0.00s
[2025-03-05T14:03:25.409+0530][gc           ] GC(2) Concurrent Cycle
[2025-03-05T14:03:25.409+0530][gc,marking   ] GC(2) Concurrent Clear Claimed Marks
[2025-03-05T14:03:25.410+0530][gc,marking   ] GC(2) Concurrent Clear Claimed Marks 0.018ms
[2025-03-05T14:03:25.410+0530][gc,marking   ] GC(2) Concurrent Scan Root Regions
[2025-03-05T14:03:25.410+0530][gc,marking   ] GC(2) Concurrent Scan Root Regions 0.117ms
[2025-03-05T14:03:25.410+0530][gc,marking   ] GC(2) Concurrent Mark (5.570s)
[2025-03-05T14:03:25.410+0530][gc,marking   ] GC(2) Concurrent Mark From Roots
[2025-03-05T14:03:25.410+0530][gc,task      ] GC(2) Using 2 workers of 2 for marking
[2025-03-05T14:03:25.412+0530][gc,marking   ] GC(2) Concurrent Mark From Roots 2.275ms
[2025-03-05T14:03:25.412+0530][gc,marking   ] GC(2) Concurrent Preclean
[2025-03-05T14:03:25.412+0530][gc,marking   ] GC(2) Concurrent Preclean 0.026ms
[2025-03-05T14:03:25.412+0530][gc,marking   ] GC(2) Concurrent Mark (5.570s, 5.572s) 2.331ms
[2025-03-05T14:03:25.412+0530][gc,start     ] GC(2) Pause Remark
[2025-03-05T14:03:25.413+0530][gc,stringtable] GC(2) Cleaned string and symbol table, strings: 7938 processed, 0 removed, symbols: 69124 processed, 39 removed
[2025-03-05T14:03:25.413+0530][gc            ] GC(2) Pause Remark 9M->9M(1024M) 1.160ms
[2025-03-05T14:03:25.413+0530][gc,cpu        ] GC(2) User=0.01s Sys=0.00s Real=0.00s
[2025-03-05T14:03:25.413+0530][gc,marking    ] GC(2) Concurrent Rebuild Remembered Sets
[2025-03-05T14:03:25.415+0530][gc,marking    ] GC(2) Concurrent Rebuild Remembered Sets 1.973ms
[2025-03-05T14:03:25.416+0530][gc,start      ] GC(2) Pause Cleanup
[2025-03-05T14:03:25.416+0530][gc            ] GC(2) Pause Cleanup 9M->9M(1024M) 0.083ms
[2025-03-05T14:03:25.416+0530][gc,cpu        ] GC(2) User=0.00s Sys=0.00s Real=0.00s
[2025-03-05T14:03:25.416+0530][gc,marking    ] GC(2) Concurrent Cleanup for Next Mark
[2025-03-05T14:03:25.417+0530][gc,marking    ] GC(2) Concurrent Cleanup for Next Mark 1.655ms
[2025-03-05T14:03:25.418+0530][gc            ] GC(2) Concurrent Cycle 8.232ms
[2025-03-05T14:03:25.802+0530][gc,start      ] GC(3) Pause Young (Normal) (G1 Evacuation Pause)
[2025-03-05T14:03:25.802+0530][gc,task       ] GC(3) Using 8 workers of 8 for evacuation
[2025-03-05T14:03:25.803+0530][gc,phases     ] GC(3)   Pre Evacuate Collection Set: 0.0ms
[2025-03-05T14:03:25.803+0530][gc,phases     ] GC(3)   Evacuate Collection Set: 1.2ms
[2025-03-05T14:03:25.803+0530][gc,phases     ] GC(3)   Post Evacuate Collection Set: 0.1ms
[2025-03-05T14:03:25.803+0530][gc,phases     ] GC(3)   Other: 0.1ms
[2025-03-05T14:03:25.803+0530][gc,heap       ] GC(3) Eden regions: 50->0(49)
[2025-03-05T14:03:25.803+0530][gc,heap       ] GC(3) Survivor regions: 1->2(7)
[2025-03-05T14:03:25.803+0530][gc,heap       ] GC(3) Old regions: 8->8
[2025-03-05T14:03:25.803+0530][gc,heap       ] GC(3) Archive regions: 0->0
[2025-03-05T14:03:25.803+0530][gc,heap       ] GC(3) Humongous regions: 129->129
[2025-03-05T14:03:25.803+0530][gc,metaspace  ] GC(3) Metaspace: 29494K(30512K)->29494K(30512K) NonClass: 25974K(26544K)->25974K(26544K) Class: 3520K(3968K)->3520K(3968K)
[2025-03-05T14:03:25.803+0530][gc            ] GC(3) Pause Young (Normal) (G1 Evacuation Pause) 187M->138M(1024M) 1.385ms
[2025-03-05T14:03:25.803+0530][gc,cpu        ] GC(3) User=0.01s Sys=0.00s Real=0.00s
[2025-03-05T14:03:25.931+0530][gc,start      ] GC(4) Pause Young (Concurrent Start) (Metadata GC Threshold)
[2025-03-05T14:03:25.931+0530][gc,task       ] GC(4) Using 8 workers of 8 for evacuation
[2025-03-05T14:03:25.932+0530][gc,phases     ] GC(4)   Pre Evacuate Collection Set: 0.0ms
[2025-03-05T14:03:25.932+0530][gc,phases     ] GC(4)   Evacuate Collection Set: 1.0ms
[2025-03-05T14:03:25.932+0530][gc,phases     ] GC(4)   Post Evacuate Collection Set: 0.1ms
[2025-03-05T14:03:25.932+0530][gc,phases     ] GC(4)   Other: 0.1ms
[2025-03-05T14:03:25.932+0530][gc,heap       ] GC(4) Eden regions: 31->0(48)
[2025-03-05T14:03:25.932+0530][gc,heap       ] GC(4) Survivor regions: 2->3(7)
[2025-03-05T14:03:25.932+0530][gc,heap       ] GC(4) Old regions: 8->8
[2025-03-05T14:03:25.932+0530][gc,heap       ] GC(4) Archive regions: 0->0
[2025-03-05T14:03:25.932+0530][gc,heap       ] GC(4) Humongous regions: 129->129
[2025-03-05T14:03:25.932+0530][gc,metaspace  ] GC(4) Metaspace: 35125K(35888K)->35125K(35888K) NonClass: 31242K(31664K)->31242K(31664K) Class: 3882K(4224K)->3882K(4224K)
[2025-03-05T14:03:25.932+0530][gc            ] GC(4) Pause Young (Concurrent Start) (Metadata GC Threshold) 168M->139M(1024M) 1.218ms
[2025-03-05T14:03:25.932+0530][gc,cpu        ] GC(4) User=0.00s Sys=0.00s Real=0.00s
[2025-03-05T14:03:25.932+0530][gc            ] GC(5) Concurrent Cycle
[2025-03-05T14:03:25.932+0530][gc,marking    ] GC(5) Concurrent Clear Claimed Marks
[2025-03-05T14:03:25.932+0530][gc,marking    ] GC(5) Concurrent Clear Claimed Marks 0.014ms
[2025-03-05T14:03:25.932+0530][gc,marking    ] GC(5) Concurrent Scan Root Regions
[2025-03-05T14:03:25.933+0530][gc,marking    ] GC(5) Concurrent Scan Root Regions 0.597ms
[2025-03-05T14:03:25.933+0530][gc,marking    ] GC(5) Concurrent Mark (6.093s)
[2025-03-05T14:03:25.933+0530][gc,marking    ] GC(5) Concurrent Mark From Roots
[2025-03-05T14:03:25.933+0530][gc,task       ] GC(5) Using 2 workers of 2 for marking
[2025-03-05T14:03:25.935+0530][gc,marking    ] GC(5) Concurrent Mark From Roots 2.621ms
[2025-03-05T14:03:25.935+0530][gc,marking    ] GC(5) Concurrent Preclean
[2025-03-05T14:03:25.935+0530][gc,marking    ] GC(5) Concurrent Preclean 0.029ms
[2025-03-05T14:03:25.935+0530][gc,marking    ] GC(5) Concurrent Mark (6.093s, 6.096s) 2.705ms
[2025-03-05T14:03:25.936+0530][gc,start      ] GC(5) Pause Remark
[2025-03-05T14:03:25.937+0530][gc,stringtable] GC(5) Cleaned string and symbol table, strings: 11573 processed, 11 removed, symbols: 101489 processed, 19 removed
[2025-03-05T14:03:25.937+0530][gc            ] GC(5) Pause Remark 140M->140M(1024M) 1.087ms
[2025-03-05T14:03:25.937+0530][gc,cpu        ] GC(5) User=0.01s Sys=0.00s Real=0.00s
[2025-03-05T14:03:25.937+0530][gc,marking    ] GC(5) Concurrent Rebuild Remembered Sets
[2025-03-05T14:03:25.939+0530][gc,marking    ] GC(5) Concurrent Rebuild Remembered Sets 2.017ms
[2025-03-05T14:03:25.939+0530][gc,start      ] GC(5) Pause Cleanup
[2025-03-05T14:03:25.939+0530][gc            ] GC(5) Pause Cleanup 140M->140M(1024M) 0.081ms
[2025-03-05T14:03:25.939+0530][gc,cpu        ] GC(5) User=0.00s Sys=0.00s Real=0.00s
[2025-03-05T14:03:25.939+0530][gc,marking    ] GC(5) Concurrent Cleanup for Next Mark
[2025-03-05T14:03:25.940+0530][gc,marking    ] GC(5) Concurrent Cleanup for Next Mark 1.310ms
[2025-03-05T14:03:25.940+0530][gc            ] GC(5) Concurrent Cycle 8.104ms
[2025-03-05T14:03:26.178+0530][gc,start      ] GC(6) Pause Young (Normal) (G1 Evacuation Pause)
[2025-03-05T14:03:26.178+0530][gc,task       ] GC(6) Using 8 workers of 8 for evacuation
[2025-03-05T14:03:26.181+0530][gc,phases     ] GC(6)   Pre Evacuate Collection Set: 0.0ms
[2025-03-05T14:03:26.181+0530][gc,phases     ] GC(6)   Evacuate Collection Set: 2.5ms
[2025-03-05T14:03:26.181+0530][gc,phases     ] GC(6)   Post Evacuate Collection Set: 0.2ms
[2025-03-05T14:03:26.181+0530][gc,phases     ] GC(6)   Other: 0.1ms
[2025-03-05T14:03:26.181+0530][gc,heap       ] GC(6) Eden regions: 48->0(44)
[2025-03-05T14:03:26.181+0530][gc,heap       ] GC(6) Survivor regions: 3->7(7)
[2025-03-05T14:03:26.181+0530][gc,heap       ] GC(6) Old regions: 8->8
[2025-03-05T14:03:26.181+0530][gc,heap       ] GC(6) Archive regions: 0->0
[2025-03-05T14:03:26.181+0530][gc,heap       ] GC(6) Humongous regions: 129->129
[2025-03-05T14:03:26.181+0530][gc,metaspace  ] GC(6) Metaspace: 42423K(44048K)->42423K(44048K) NonClass: 37609K(38576K)->37609K(38576K) Class: 4814K(5472K)->4814K(5472K)
[2025-03-05T14:03:26.181+0530][gc            ] GC(6) Pause Young (Normal) (G1 Evacuation Pause) 187M->143M(1024M) 2.838ms
[2025-03-05T14:03:26.181+0530][gc,cpu        ] GC(6) User=0.02s Sys=0.00s Real=0.01s
[2025-03-05T15:26:28.027+0530][gc,start      ] GC(7) Pause Young (Normal) (G1 Evacuation Pause)
[2025-03-05T15:26:28.027+0530][gc,task       ] GC(7) Using 8 workers of 8 for evacuation
[2025-03-05T15:26:28.043+0530][gc,phases     ] GC(7)   Pre Evacuate Collection Set: 0.2ms
[2025-03-05T15:26:28.043+0530][gc,phases     ] GC(7)   Evacuate Collection Set: 14.3ms
[2025-03-05T15:26:28.043+0530][gc,phases     ] GC(7)   Post Evacuate Collection Set: 0.6ms
[2025-03-05T15:26:28.043+0530][gc,phases     ] GC(7)   Other: 0.4ms
[2025-03-05T15:26:28.043+0530][gc,heap       ] GC(7) Eden regions: 44->0(49)
[2025-03-05T15:26:28.043+0530][gc,heap       ] GC(7) Survivor regions: 7->2(7)
[2025-03-05T15:26:28.043+0530][gc,heap       ] GC(7) Old regions: 8->15
[2025-03-05T15:26:28.043+0530][gc,heap       ] GC(7) Archive regions: 0->0
[2025-03-05T15:26:28.043+0530][gc,heap       ] GC(7) Humongous regions: 129->129
[2025-03-05T15:26:28.043+0530][gc,metaspace  ] GC(7) Metaspace: 45417K(47120K)->45417K(47120K) NonClass: 40184K(41136K)->40184K(41136K) Class: 5232K(5984K)->5232K(5984K)
[2025-03-05T15:26:28.043+0530][gc            ] GC(7) Pause Young (Normal) (G1 Evacuation Pause) 187M->144M(1024M) 15.657ms
[2025-03-05T15:26:28.043+0530][gc,cpu        ] GC(7) User=0.03s Sys=0.01s Real=0.02s
[2025-03-05T17:08:39.114+0530][gc,heap,exit  ] Heap
[2025-03-05T17:08:39.114+0530][gc,heap,exit  ]  garbage-first heap   total 1048576K, used 174404K [0x0000000780000000, 0x00000007c0000000)
[2025-03-05T17:08:39.114+0530][gc,heap,exit  ]   region size 1024K, 30 young (30720K), 2 survivors (2048K)
[2025-03-05T17:08:39.114+0530][gc,heap,exit  ]  Metaspace       used 46612K, capacity 48408K, committed 48528K, reserved 1091584K
[2025-03-05T17:08:39.114+0530][gc,heap,exit  ]   class space    used 5477K, capacity 6344K, committed 6368K, reserved 1048576K
