[2025-03-06T12:01:52.056+0530][gc,heap] Heap region size: 1M
[2025-03-06T12:01:52.058+0530][gc     ] Using G1
[2025-03-06T12:01:52.058+0530][gc,heap,coops] Heap address: 0x0000000780000000, size: 1024 MB, Compressed Oops mode: Zero based, Oop shift amount: 3
[2025-03-06T12:01:57.579+0530][gc,start     ] GC(0) Pause Young (Normal) (G1 Evacuation Pause)
[2025-03-06T12:01:57.579+0530][gc,task      ] GC(0) Using 8 workers of 8 for evacuation
[2025-03-06T12:01:57.582+0530][gc,phases    ] GC(0)   Pre Evacuate Collection Set: 0.0ms
[2025-03-06T12:01:57.582+0530][gc,phases    ] GC(0)   Evacuate Collection Set: 2.6ms
[2025-03-06T12:01:57.582+0530][gc,phases    ] GC(0)   Post Evacuate Collection Set: 0.3ms
[2025-03-06T12:01:57.582+0530][gc,phases    ] GC(0)   Other: 0.2ms
[2025-03-06T12:01:57.582+0530][gc,heap      ] GC(0) Eden regions: 51->0(44)
[2025-03-06T12:01:57.582+0530][gc,heap      ] GC(0) Survivor regions: 0->7(7)
[2025-03-06T12:01:57.582+0530][gc,heap      ] GC(0) Old regions: 0->1
[2025-03-06T12:01:57.582+0530][gc,heap      ] GC(0) Archive regions: 0->0
[2025-03-06T12:01:57.582+0530][gc,heap      ] GC(0) Humongous regions: 0->0
[2025-03-06T12:01:57.582+0530][gc,metaspace ] GC(0) Metaspace: 20124K(20736K)->20124K(20736K) NonClass: 17812K(18176K)->17812K(18176K) Class: 2312K(2560K)->2312K(2560K)
[2025-03-06T12:01:57.582+0530][gc           ] GC(0) Pause Young (Normal) (G1 Evacuation Pause) 51M->7M(1024M) 3.285ms
[2025-03-06T12:01:57.582+0530][gc,cpu       ] GC(0) User=0.02s Sys=0.00s Real=0.01s
[2025-03-06T12:01:57.597+0530][gc,start     ] GC(1) Pause Young (Concurrent Start) (Metadata GC Threshold)
[2025-03-06T12:01:57.597+0530][gc,task      ] GC(1) Using 8 workers of 8 for evacuation
[2025-03-06T12:01:57.600+0530][gc,phases    ] GC(1)   Pre Evacuate Collection Set: 0.0ms
[2025-03-06T12:01:57.600+0530][gc,phases    ] GC(1)   Evacuate Collection Set: 2.2ms
[2025-03-06T12:01:57.600+0530][gc,phases    ] GC(1)   Post Evacuate Collection Set: 0.1ms
[2025-03-06T12:01:57.600+0530][gc,phases    ] GC(1)   Other: 0.1ms
[2025-03-06T12:01:57.600+0530][gc,heap      ] GC(1) Eden regions: 3->0(50)
[2025-03-06T12:01:57.600+0530][gc,heap      ] GC(1) Survivor regions: 7->1(7)
[2025-03-06T12:01:57.600+0530][gc,heap      ] GC(1) Old regions: 1->8
[2025-03-06T12:01:57.600+0530][gc,heap      ] GC(1) Archive regions: 0->0
[2025-03-06T12:01:57.600+0530][gc,heap      ] GC(1) Humongous regions: 0->0
[2025-03-06T12:01:57.600+0530][gc,metaspace ] GC(1) Metaspace: 20682K(21296K)->20682K(21296K) NonClass: 18291K(18608K)->18291K(18608K) Class: 2391K(2688K)->2391K(2688K)
[2025-03-06T12:01:57.600+0530][gc           ] GC(1) Pause Young (Concurrent Start) (Metadata GC Threshold) 10M->8M(1024M) 2.560ms
[2025-03-06T12:01:57.600+0530][gc,cpu       ] GC(1) User=0.01s Sys=0.00s Real=0.01s
[2025-03-06T12:01:57.600+0530][gc           ] GC(2) Concurrent Cycle
[2025-03-06T12:01:57.600+0530][gc,marking   ] GC(2) Concurrent Clear Claimed Marks
[2025-03-06T12:01:57.600+0530][gc,marking   ] GC(2) Concurrent Clear Claimed Marks 0.014ms
[2025-03-06T12:01:57.600+0530][gc,marking   ] GC(2) Concurrent Scan Root Regions
[2025-03-06T12:01:57.600+0530][gc,marking   ] GC(2) Concurrent Scan Root Regions 0.071ms
[2025-03-06T12:01:57.600+0530][gc,marking   ] GC(2) Concurrent Mark (5.553s)
[2025-03-06T12:01:57.600+0530][gc,marking   ] GC(2) Concurrent Mark From Roots
[2025-03-06T12:01:57.600+0530][gc,task      ] GC(2) Using 2 workers of 2 for marking
[2025-03-06T12:01:57.602+0530][gc,marking   ] GC(2) Concurrent Mark From Roots 2.077ms
[2025-03-06T12:01:57.602+0530][gc,marking   ] GC(2) Concurrent Preclean
[2025-03-06T12:01:57.602+0530][gc,marking   ] GC(2) Concurrent Preclean 0.023ms
[2025-03-06T12:01:57.602+0530][gc,marking   ] GC(2) Concurrent Mark (5.553s, 5.555s) 2.132ms
[2025-03-06T12:01:57.602+0530][gc,start     ] GC(2) Pause Remark
[2025-03-06T12:01:57.603+0530][gc,stringtable] GC(2) Cleaned string and symbol table, strings: 7906 processed, 0 removed, symbols: 69124 processed, 39 removed
[2025-03-06T12:01:57.603+0530][gc            ] GC(2) Pause Remark 9M->9M(1024M) 0.934ms
[2025-03-06T12:01:57.603+0530][gc,cpu        ] GC(2) User=0.01s Sys=0.00s Real=0.00s
[2025-03-06T12:01:57.603+0530][gc,marking    ] GC(2) Concurrent Rebuild Remembered Sets
[2025-03-06T12:01:57.605+0530][gc,marking    ] GC(2) Concurrent Rebuild Remembered Sets 1.650ms
[2025-03-06T12:01:57.605+0530][gc,start      ] GC(2) Pause Cleanup
[2025-03-06T12:01:57.605+0530][gc            ] GC(2) Pause Cleanup 9M->9M(1024M) 0.076ms
[2025-03-06T12:01:57.605+0530][gc,cpu        ] GC(2) User=0.00s Sys=0.00s Real=0.00s
[2025-03-06T12:01:57.605+0530][gc,marking    ] GC(2) Concurrent Cleanup for Next Mark
[2025-03-06T12:01:57.606+0530][gc,marking    ] GC(2) Concurrent Cleanup for Next Mark 1.190ms
[2025-03-06T12:01:57.606+0530][gc            ] GC(2) Concurrent Cycle 6.336ms
[2025-03-06T12:01:57.987+0530][gc,start      ] GC(3) Pause Young (Normal) (G1 Evacuation Pause)
[2025-03-06T12:01:57.987+0530][gc,task       ] GC(3) Using 8 workers of 8 for evacuation
[2025-03-06T12:01:57.989+0530][gc,phases     ] GC(3)   Pre Evacuate Collection Set: 0.0ms
[2025-03-06T12:01:57.990+0530][gc,phases     ] GC(3)   Evacuate Collection Set: 1.3ms
[2025-03-06T12:01:57.990+0530][gc,phases     ] GC(3)   Post Evacuate Collection Set: 0.1ms
[2025-03-06T12:01:57.990+0530][gc,phases     ] GC(3)   Other: 0.1ms
[2025-03-06T12:01:57.990+0530][gc,heap       ] GC(3) Eden regions: 50->0(49)
[2025-03-06T12:01:57.990+0530][gc,heap       ] GC(3) Survivor regions: 1->2(7)
[2025-03-06T12:01:57.990+0530][gc,heap       ] GC(3) Old regions: 8->8
[2025-03-06T12:01:57.990+0530][gc,heap       ] GC(3) Archive regions: 0->0
[2025-03-06T12:01:57.990+0530][gc,heap       ] GC(3) Humongous regions: 0->0
[2025-03-06T12:01:57.990+0530][gc,metaspace  ] GC(3) Metaspace: 29489K(30512K)->29489K(30512K) NonClass: 25978K(26544K)->25978K(26544K) Class: 3511K(3968K)->3511K(3968K)
[2025-03-06T12:01:57.990+0530][gc            ] GC(3) Pause Young (Normal) (G1 Evacuation Pause) 58M->9M(1024M) 2.580ms
[2025-03-06T12:01:57.990+0530][gc,cpu        ] GC(3) User=0.01s Sys=0.00s Real=0.01s
[2025-03-06T12:01:58.426+0530][gc,start      ] GC(4) Pause Young (Concurrent Start) (Metadata GC Threshold)
[2025-03-06T12:01:58.426+0530][gc,task       ] GC(4) Using 8 workers of 8 for evacuation
[2025-03-06T12:01:58.427+0530][gc,phases     ] GC(4)   Pre Evacuate Collection Set: 0.0ms
[2025-03-06T12:01:58.427+0530][gc,phases     ] GC(4)   Evacuate Collection Set: 1.5ms
[2025-03-06T12:01:58.427+0530][gc,phases     ] GC(4)   Post Evacuate Collection Set: 0.1ms
[2025-03-06T12:01:58.427+0530][gc,phases     ] GC(4)   Other: 0.1ms
[2025-03-06T12:01:58.427+0530][gc,heap       ] GC(4) Eden regions: 38->0(47)
[2025-03-06T12:01:58.427+0530][gc,heap       ] GC(4) Survivor regions: 2->4(7)
[2025-03-06T12:01:58.427+0530][gc,heap       ] GC(4) Old regions: 8->8
[2025-03-06T12:01:58.427+0530][gc,heap       ] GC(4) Archive regions: 0->0
[2025-03-06T12:01:58.427+0530][gc,heap       ] GC(4) Humongous regions: 129->129
[2025-03-06T12:01:58.427+0530][gc,metaspace  ] GC(4) Metaspace: 34912K(35888K)->34912K(35888K) NonClass: 30957K(31408K)->30957K(31408K) Class: 3954K(4480K)->3954K(4480K)
[2025-03-06T12:01:58.427+0530][gc            ] GC(4) Pause Young (Concurrent Start) (Metadata GC Threshold) 175M->140M(1024M) 1.771ms
[2025-03-06T12:01:58.427+0530][gc,cpu        ] GC(4) User=0.01s Sys=0.00s Real=0.00s
[2025-03-06T12:01:58.427+0530][gc            ] GC(5) Concurrent Cycle
[2025-03-06T12:01:58.427+0530][gc,marking    ] GC(5) Concurrent Clear Claimed Marks
[2025-03-06T12:01:58.427+0530][gc,marking    ] GC(5) Concurrent Clear Claimed Marks 0.012ms
[2025-03-06T12:01:58.427+0530][gc,marking    ] GC(5) Concurrent Scan Root Regions
[2025-03-06T12:01:58.428+0530][gc,marking    ] GC(5) Concurrent Scan Root Regions 0.714ms
[2025-03-06T12:01:58.428+0530][gc,marking    ] GC(5) Concurrent Mark (6.381s)
[2025-03-06T12:01:58.428+0530][gc,marking    ] GC(5) Concurrent Mark From Roots
[2025-03-06T12:01:58.428+0530][gc,task       ] GC(5) Using 2 workers of 2 for marking
[2025-03-06T12:01:58.430+0530][gc,marking    ] GC(5) Concurrent Mark From Roots 2.292ms
[2025-03-06T12:01:58.430+0530][gc,marking    ] GC(5) Concurrent Preclean
[2025-03-06T12:01:58.430+0530][gc,marking    ] GC(5) Concurrent Preclean 0.020ms
[2025-03-06T12:01:58.430+0530][gc,marking    ] GC(5) Concurrent Mark (6.381s, 6.383s) 2.345ms
[2025-03-06T12:01:58.431+0530][gc,start      ] GC(5) Pause Remark
[2025-03-06T12:01:58.432+0530][gc,stringtable] GC(5) Cleaned string and symbol table, strings: 11601 processed, 12 removed, symbols: 102067 processed, 19 removed
[2025-03-06T12:01:58.432+0530][gc            ] GC(5) Pause Remark 141M->141M(1024M) 1.385ms
[2025-03-06T12:01:58.432+0530][gc,cpu        ] GC(5) User=0.00s Sys=0.00s Real=0.00s
[2025-03-06T12:01:58.432+0530][gc,marking    ] GC(5) Concurrent Rebuild Remembered Sets
[2025-03-06T12:01:58.434+0530][gc,marking    ] GC(5) Concurrent Rebuild Remembered Sets 1.666ms
[2025-03-06T12:01:58.434+0530][gc,start      ] GC(5) Pause Cleanup
[2025-03-06T12:01:58.434+0530][gc            ] GC(5) Pause Cleanup 141M->141M(1024M) 0.064ms
[2025-03-06T12:01:58.434+0530][gc,cpu        ] GC(5) User=0.00s Sys=0.00s Real=0.00s
[2025-03-06T12:01:58.434+0530][gc,marking    ] GC(5) Concurrent Cleanup for Next Mark
[2025-03-06T12:01:58.435+0530][gc,marking    ] GC(5) Concurrent Cleanup for Next Mark 1.068ms
[2025-03-06T12:01:58.435+0530][gc            ] GC(5) Concurrent Cycle 7.511ms
[2025-03-06T12:01:58.629+0530][gc,start      ] GC(6) Pause Young (Normal) (G1 Evacuation Pause)
[2025-03-06T12:01:58.629+0530][gc,task       ] GC(6) Using 8 workers of 8 for evacuation
[2025-03-06T12:01:58.632+0530][gc,phases     ] GC(6)   Pre Evacuate Collection Set: 0.0ms
[2025-03-06T12:01:58.632+0530][gc,phases     ] GC(6)   Evacuate Collection Set: 2.4ms
[2025-03-06T12:01:58.632+0530][gc,phases     ] GC(6)   Post Evacuate Collection Set: 0.2ms
[2025-03-06T12:01:58.632+0530][gc,phases     ] GC(6)   Other: 0.1ms
[2025-03-06T12:01:58.632+0530][gc,heap       ] GC(6) Eden regions: 47->0(44)
[2025-03-06T12:01:58.632+0530][gc,heap       ] GC(6) Survivor regions: 4->7(7)
[2025-03-06T12:01:58.632+0530][gc,heap       ] GC(6) Old regions: 8->8
[2025-03-06T12:01:58.632+0530][gc,heap       ] GC(6) Archive regions: 0->0
[2025-03-06T12:01:58.632+0530][gc,heap       ] GC(6) Humongous regions: 129->129
[2025-03-06T12:01:58.632+0530][gc,metaspace  ] GC(6) Metaspace: 42156K(43824K)->42156K(43824K) NonClass: 37395K(38320K)->37395K(38320K) Class: 4760K(5504K)->4760K(5504K)
[2025-03-06T12:01:58.632+0530][gc            ] GC(6) Pause Young (Normal) (G1 Evacuation Pause) 187M->143M(1024M) 2.830ms
[2025-03-06T12:01:58.632+0530][gc,cpu        ] GC(6) User=0.02s Sys=0.00s Real=0.01s
[2025-03-06T12:02:21.593+0530][gc,start      ] GC(7) Pause Young (Normal) (G1 Evacuation Pause)
[2025-03-06T12:02:21.593+0530][gc,task       ] GC(7) Using 8 workers of 8 for evacuation
[2025-03-06T12:02:21.597+0530][gc,phases     ] GC(7)   Pre Evacuate Collection Set: 0.0ms
[2025-03-06T12:02:21.597+0530][gc,phases     ] GC(7)   Evacuate Collection Set: 3.3ms
[2025-03-06T12:02:21.597+0530][gc,phases     ] GC(7)   Post Evacuate Collection Set: 0.3ms
[2025-03-06T12:02:21.597+0530][gc,phases     ] GC(7)   Other: 0.1ms
[2025-03-06T12:02:21.597+0530][gc,heap       ] GC(7) Eden regions: 44->0(48)
[2025-03-06T12:02:21.597+0530][gc,heap       ] GC(7) Survivor regions: 7->3(7)
[2025-03-06T12:02:21.597+0530][gc,heap       ] GC(7) Old regions: 8->15
[2025-03-06T12:02:21.597+0530][gc,heap       ] GC(7) Archive regions: 0->0
[2025-03-06T12:02:21.597+0530][gc,heap       ] GC(7) Humongous regions: 171->129
[2025-03-06T12:02:21.597+0530][gc,metaspace  ] GC(7) Metaspace: 48900K(51376K)->48900K(51376K) NonClass: 42907K(44208K)->42907K(44208K) Class: 5992K(7168K)->5992K(7168K)
[2025-03-06T12:02:21.597+0530][gc            ] GC(7) Pause Young (Normal) (G1 Evacuation Pause) 229M->145M(1024M) 3.802ms
[2025-03-06T12:02:21.597+0530][gc,cpu        ] GC(7) User=0.02s Sys=0.01s Real=0.00s
[2025-03-06T12:11:26.952+0530][gc,start      ] GC(8) Pause Young (Normal) (G1 Evacuation Pause)
[2025-03-06T12:11:26.952+0530][gc,task       ] GC(8) Using 8 workers of 8 for evacuation
[2025-03-06T12:11:26.963+0530][gc,phases     ] GC(8)   Pre Evacuate Collection Set: 0.3ms
[2025-03-06T12:11:26.963+0530][gc,phases     ] GC(8)   Evacuate Collection Set: 10.2ms
[2025-03-06T12:11:26.963+0530][gc,phases     ] GC(8)   Post Evacuate Collection Set: 0.7ms
[2025-03-06T12:11:26.963+0530][gc,phases     ] GC(8)   Other: 0.6ms
[2025-03-06T12:11:26.963+0530][gc,heap       ] GC(8) Eden regions: 48->0(46)
[2025-03-06T12:11:26.963+0530][gc,heap       ] GC(8) Survivor regions: 3->5(7)
[2025-03-06T12:11:26.963+0530][gc,heap       ] GC(8) Old regions: 15->15
[2025-03-06T12:11:26.963+0530][gc,heap       ] GC(8) Archive regions: 0->0
[2025-03-06T12:11:26.963+0530][gc,heap       ] GC(8) Humongous regions: 129->129
[2025-03-06T12:11:26.963+0530][gc,metaspace  ] GC(8) Metaspace: 51952K(54960K)->51952K(54960K) NonClass: 45440K(47024K)->45440K(47024K) Class: 6512K(7936K)->6512K(7936K)
[2025-03-06T12:11:26.963+0530][gc            ] GC(8) Pause Young (Normal) (G1 Evacuation Pause) 193M->147M(1024M) 11.914ms
[2025-03-06T12:11:26.963+0530][gc,cpu        ] GC(8) User=0.03s Sys=0.01s Real=0.01s
[2025-03-06T12:17:13.641+0530][gc,start      ] GC(9) Pause Young (Normal) (G1 Evacuation Pause)
[2025-03-06T12:17:13.642+0530][gc,task       ] GC(9) Using 8 workers of 8 for evacuation
[2025-03-06T12:17:13.648+0530][gc,phases     ] GC(9)   Pre Evacuate Collection Set: 0.2ms
[2025-03-06T12:17:13.648+0530][gc,phases     ] GC(9)   Evacuate Collection Set: 5.8ms
[2025-03-06T12:17:13.648+0530][gc,phases     ] GC(9)   Post Evacuate Collection Set: 0.5ms
[2025-03-06T12:17:13.648+0530][gc,phases     ] GC(9)   Other: 0.4ms
[2025-03-06T12:17:13.648+0530][gc,heap       ] GC(9) Eden regions: 46->0(48)
[2025-03-06T12:17:13.648+0530][gc,heap       ] GC(9) Survivor regions: 5->3(7)
[2025-03-06T12:17:13.648+0530][gc,heap       ] GC(9) Old regions: 15->17
[2025-03-06T12:17:13.648+0530][gc,heap       ] GC(9) Archive regions: 0->0
[2025-03-06T12:17:13.648+0530][gc,heap       ] GC(9) Humongous regions: 129->129
[2025-03-06T12:17:13.649+0530][gc,metaspace  ] GC(9) Metaspace: 52267K(55216K)->52267K(55216K) NonClass: 45733K(47280K)->45733K(47280K) Class: 6533K(7936K)->6533K(7936K)
[2025-03-06T12:17:13.649+0530][gc            ] GC(9) Pause Young (Normal) (G1 Evacuation Pause) 193M->148M(1024M) 7.117ms
[2025-03-06T12:17:13.649+0530][gc,cpu        ] GC(9) User=0.03s Sys=0.01s Real=0.00s
[2025-03-06T12:40:20.675+0530][gc,start      ] GC(10) Pause Young (Normal) (G1 Evacuation Pause)
[2025-03-06T12:40:20.676+0530][gc,task       ] GC(10) Using 8 workers of 8 for evacuation
[2025-03-06T12:40:20.695+0530][gc,phases     ] GC(10)   Pre Evacuate Collection Set: 0.6ms
[2025-03-06T12:40:20.695+0530][gc,phases     ] GC(10)   Evacuate Collection Set: 16.6ms
[2025-03-06T12:40:20.695+0530][gc,phases     ] GC(10)   Post Evacuate Collection Set: 0.8ms
[2025-03-06T12:40:20.695+0530][gc,phases     ] GC(10)   Other: 2.0ms
[2025-03-06T12:40:20.695+0530][gc,heap       ] GC(10) Eden regions: 48->0(47)
[2025-03-06T12:40:20.695+0530][gc,heap       ] GC(10) Survivor regions: 3->4(7)
[2025-03-06T12:40:20.695+0530][gc,heap       ] GC(10) Old regions: 17->17
[2025-03-06T12:40:20.695+0530][gc,heap       ] GC(10) Archive regions: 0->0
[2025-03-06T12:40:20.695+0530][gc,heap       ] GC(10) Humongous regions: 129->129
[2025-03-06T12:40:20.695+0530][gc,metaspace  ] GC(10) Metaspace: 52500K(55600K)->52500K(55600K) NonClass: 45932K(47536K)->45932K(47536K) Class: 6568K(8064K)->6568K(8064K)
[2025-03-06T12:40:20.695+0530][gc            ] GC(10) Pause Young (Normal) (G1 Evacuation Pause) 196M->149M(1024M) 20.174ms
[2025-03-06T12:40:20.695+0530][gc,cpu        ] GC(10) User=0.03s Sys=0.03s Real=0.02s
[2025-03-06T13:28:44.969+0530][gc,start      ] GC(11) Pause Young (Normal) (G1 Evacuation Pause)
[2025-03-06T13:28:44.970+0530][gc,task       ] GC(11) Using 8 workers of 8 for evacuation
[2025-03-06T13:28:44.979+0530][gc,phases     ] GC(11)   Pre Evacuate Collection Set: 0.1ms
[2025-03-06T13:28:44.979+0530][gc,phases     ] GC(11)   Evacuate Collection Set: 8.0ms
[2025-03-06T13:28:44.979+0530][gc,phases     ] GC(11)   Post Evacuate Collection Set: 0.6ms
[2025-03-06T13:28:44.979+0530][gc,phases     ] GC(11)   Other: 0.7ms
[2025-03-06T13:28:44.979+0530][gc,heap       ] GC(11) Eden regions: 47->0(47)
[2025-03-06T13:28:44.979+0530][gc,heap       ] GC(11) Survivor regions: 4->4(7)
[2025-03-06T13:28:44.979+0530][gc,heap       ] GC(11) Old regions: 17->18
[2025-03-06T13:28:44.979+0530][gc,heap       ] GC(11) Archive regions: 0->0
[2025-03-06T13:28:44.979+0530][gc,heap       ] GC(11) Humongous regions: 129->129
[2025-03-06T13:28:44.979+0530][gc,metaspace  ] GC(11) Metaspace: 52652K(55600K)->52652K(55600K) NonClass: 46079K(47536K)->46079K(47536K) Class: 6573K(8064K)->6573K(8064K)
[2025-03-06T13:28:44.979+0530][gc            ] GC(11) Pause Young (Normal) (G1 Evacuation Pause) 196M->149M(1024M) 9.698ms
[2025-03-06T13:28:44.979+0530][gc,cpu        ] GC(11) User=0.02s Sys=0.00s Real=0.01s
[2025-03-06T14:02:00.555+0530][gc,start      ] GC(12) Pause Young (Normal) (G1 Evacuation Pause)
[2025-03-06T14:02:00.557+0530][gc,task       ] GC(12) Using 8 workers of 8 for evacuation
[2025-03-06T14:02:00.568+0530][gc,phases     ] GC(12)   Pre Evacuate Collection Set: 0.5ms
[2025-03-06T14:02:00.568+0530][gc,phases     ] GC(12)   Evacuate Collection Set: 9.5ms
[2025-03-06T14:02:00.568+0530][gc,phases     ] GC(12)   Post Evacuate Collection Set: 0.8ms
[2025-03-06T14:02:00.568+0530][gc,phases     ] GC(12)   Other: 2.3ms
[2025-03-06T14:02:00.568+0530][gc,heap       ] GC(12) Eden regions: 47->0(48)
[2025-03-06T14:02:00.568+0530][gc,heap       ] GC(12) Survivor regions: 4->3(7)
[2025-03-06T14:02:00.568+0530][gc,heap       ] GC(12) Old regions: 18->18
[2025-03-06T14:02:00.568+0530][gc,heap       ] GC(12) Archive regions: 0->0
[2025-03-06T14:02:00.569+0530][gc,heap       ] GC(12) Humongous regions: 129->129
[2025-03-06T14:02:00.569+0530][gc,metaspace  ] GC(12) Metaspace: 52673K(55600K)->52673K(55600K) NonClass: 46099K(47536K)->46099K(47536K) Class: 6573K(8064K)->6573K(8064K)
[2025-03-06T14:02:00.569+0530][gc            ] GC(12) Pause Young (Normal) (G1 Evacuation Pause) 196M->149M(1024M) 13.475ms
[2025-03-06T14:02:00.569+0530][gc,cpu        ] GC(12) User=0.02s Sys=0.01s Real=0.01s
[2025-03-06T14:20:13.169+0530][gc,start      ] GC(13) Pause Young (Normal) (G1 Evacuation Pause)
[2025-03-06T14:20:13.170+0530][gc,task       ] GC(13) Using 8 workers of 8 for evacuation
[2025-03-06T14:20:13.181+0530][gc,phases     ] GC(13)   Pre Evacuate Collection Set: 0.1ms
[2025-03-06T14:20:13.181+0530][gc,phases     ] GC(13)   Evacuate Collection Set: 9.1ms
[2025-03-06T14:20:13.181+0530][gc,phases     ] GC(13)   Post Evacuate Collection Set: 0.6ms
[2025-03-06T14:20:13.181+0530][gc,phases     ] GC(13)   Other: 1.6ms
[2025-03-06T14:20:13.181+0530][gc,heap       ] GC(13) Eden regions: 48->0(50)
[2025-03-06T14:20:13.181+0530][gc,heap       ] GC(13) Survivor regions: 3->4(7)
[2025-03-06T14:20:13.181+0530][gc,heap       ] GC(13) Old regions: 18->18
[2025-03-06T14:20:13.181+0530][gc,heap       ] GC(13) Archive regions: 0->0
[2025-03-06T14:20:13.181+0530][gc,heap       ] GC(13) Humongous regions: 129->129
[2025-03-06T14:20:13.181+0530][gc,metaspace  ] GC(13) Metaspace: 53002K(56240K)->53002K(56240K) NonClass: 46345K(48048K)->46345K(48048K) Class: 6656K(8192K)->6656K(8192K)
[2025-03-06T14:20:13.181+0530][gc            ] GC(13) Pause Young (Normal) (G1 Evacuation Pause) 197M->150M(1024M) 11.565ms
[2025-03-06T14:20:13.181+0530][gc,cpu        ] GC(13) User=0.04s Sys=0.01s Real=0.02s
[2025-03-06T14:29:49.176+0530][gc,start      ] GC(14) Pause Young (Normal) (G1 Evacuation Pause)
[2025-03-06T14:29:49.176+0530][gc,task       ] GC(14) Using 8 workers of 8 for evacuation
[2025-03-06T14:29:49.189+0530][gc,phases     ] GC(14)   Pre Evacuate Collection Set: 0.4ms
[2025-03-06T14:29:49.189+0530][gc,phases     ] GC(14)   Evacuate Collection Set: 11.2ms
[2025-03-06T14:29:49.189+0530][gc,phases     ] GC(14)   Post Evacuate Collection Set: 0.7ms
[2025-03-06T14:29:49.189+0530][gc,phases     ] GC(14)   Other: 0.8ms
[2025-03-06T14:29:49.189+0530][gc,heap       ] GC(14) Eden regions: 50->0(55)
[2025-03-06T14:29:49.189+0530][gc,heap       ] GC(14) Survivor regions: 4->4(7)
[2025-03-06T14:29:49.189+0530][gc,heap       ] GC(14) Old regions: 18->18
[2025-03-06T14:29:49.189+0530][gc,heap       ] GC(14) Archive regions: 0->0
[2025-03-06T14:29:49.189+0530][gc,heap       ] GC(14) Humongous regions: 129->129
[2025-03-06T14:29:49.189+0530][gc,metaspace  ] GC(14) Metaspace: 53126K(56240K)->53126K(56240K) NonClass: 46470K(48048K)->46470K(48048K) Class: 6656K(8192K)->6656K(8192K)
[2025-03-06T14:29:49.189+0530][gc            ] GC(14) Pause Young (Normal) (G1 Evacuation Pause) 200M->150M(1024M) 13.473ms
[2025-03-06T14:29:49.189+0530][gc,cpu        ] GC(14) User=0.03s Sys=0.01s Real=0.01s
[2025-03-06T14:38:48.915+0530][gc,start      ] GC(15) Pause Young (Normal) (G1 Evacuation Pause)
[2025-03-06T14:38:48.915+0530][gc,task       ] GC(15) Using 8 workers of 8 for evacuation
[2025-03-06T14:38:48.929+0530][gc,phases     ] GC(15)   Pre Evacuate Collection Set: 0.6ms
[2025-03-06T14:38:48.929+0530][gc,phases     ] GC(15)   Evacuate Collection Set: 12.0ms
[2025-03-06T14:38:48.929+0530][gc,phases     ] GC(15)   Post Evacuate Collection Set: 0.6ms
[2025-03-06T14:38:48.929+0530][gc,phases     ] GC(15)   Other: 1.1ms
[2025-03-06T14:38:48.929+0530][gc,heap       ] GC(15) Eden regions: 55->0(65)
[2025-03-06T14:38:48.929+0530][gc,heap       ] GC(15) Survivor regions: 4->5(8)
[2025-03-06T14:38:48.929+0530][gc,heap       ] GC(15) Old regions: 18->18
[2025-03-06T14:38:48.929+0530][gc,heap       ] GC(15) Archive regions: 0->0
[2025-03-06T14:38:48.929+0530][gc,heap       ] GC(15) Humongous regions: 129->129
[2025-03-06T14:38:48.929+0530][gc,metaspace  ] GC(15) Metaspace: 53237K(56496K)->53237K(56496K) NonClass: 46580K(48304K)->46580K(48304K) Class: 6656K(8192K)->6656K(8192K)
[2025-03-06T14:38:48.930+0530][gc            ] GC(15) Pause Young (Normal) (G1 Evacuation Pause) 205M->150M(1024M) 14.431ms
[2025-03-06T14:38:48.930+0530][gc,cpu        ] GC(15) User=0.04s Sys=0.01s Real=0.02s
[2025-03-06T15:47:43.703+0530][gc,start      ] GC(16) Pause Young (Normal) (G1 Evacuation Pause)
[2025-03-06T15:47:43.704+0530][gc,task       ] GC(16) Using 8 workers of 8 for evacuation
[2025-03-06T15:47:43.716+0530][gc,phases     ] GC(16)   Pre Evacuate Collection Set: 0.5ms
[2025-03-06T15:47:43.716+0530][gc,phases     ] GC(16)   Evacuate Collection Set: 11.3ms
[2025-03-06T15:47:43.716+0530][gc,phases     ] GC(16)   Post Evacuate Collection Set: 0.5ms
[2025-03-06T15:47:43.716+0530][gc,phases     ] GC(16)   Other: 1.0ms
[2025-03-06T15:47:43.716+0530][gc,heap       ] GC(16) Eden regions: 65->0(301)
[2025-03-06T15:47:43.716+0530][gc,heap       ] GC(16) Survivor regions: 5->4(9)
[2025-03-06T15:47:43.716+0530][gc,heap       ] GC(16) Old regions: 18->18
[2025-03-06T15:47:43.716+0530][gc,heap       ] GC(16) Archive regions: 0->0
[2025-03-06T15:47:43.716+0530][gc,heap       ] GC(16) Humongous regions: 129->129
[2025-03-06T15:47:43.716+0530][gc,metaspace  ] GC(16) Metaspace: 53249K(56496K)->53249K(56496K) NonClass: 46593K(48304K)->46593K(48304K) Class: 6656K(8192K)->6656K(8192K)
[2025-03-06T15:47:43.716+0530][gc            ] GC(16) Pause Young (Normal) (G1 Evacuation Pause) 215M->150M(1024M) 13.280ms
[2025-03-06T15:47:43.716+0530][gc,cpu        ] GC(16) User=0.02s Sys=0.01s Real=0.01s
[2025-03-06T18:31:37.623+0530][gc,start      ] GC(17) Pause Young (Normal) (G1 Evacuation Pause)
[2025-03-06T18:31:37.624+0530][gc,task       ] GC(17) Using 8 workers of 8 for evacuation
[2025-03-06T18:31:37.642+0530][gc,phases     ] GC(17)   Pre Evacuate Collection Set: 0.4ms
[2025-03-06T18:31:37.642+0530][gc,phases     ] GC(17)   Evacuate Collection Set: 15.6ms
[2025-03-06T18:31:37.642+0530][gc,phases     ] GC(17)   Post Evacuate Collection Set: 1.2ms
[2025-03-06T18:31:37.642+0530][gc,phases     ] GC(17)   Other: 2.4ms
[2025-03-06T18:31:37.642+0530][gc,heap       ] GC(17) Eden regions: 300->0(69)
[2025-03-06T18:31:37.643+0530][gc,heap       ] GC(17) Survivor regions: 4->4(38)
[2025-03-06T18:31:37.643+0530][gc,heap       ] GC(17) Old regions: 18->18
[2025-03-06T18:31:37.643+0530][gc,heap       ] GC(17) Archive regions: 0->0
[2025-03-06T18:31:37.643+0530][gc,heap       ] GC(17) Humongous regions: 129->129
[2025-03-06T18:31:37.643+0530][gc,metaspace  ] GC(17) Metaspace: 53292K(56496K)->53292K(56496K) NonClass: 46635K(48304K)->46635K(48304K) Class: 6656K(8192K)->6656K(8192K)
[2025-03-06T18:31:37.643+0530][gc            ] GC(17) Pause Young (Normal) (G1 Evacuation Pause) 450M->150M(1024M) 19.870ms
[2025-03-06T18:31:37.643+0530][gc,cpu        ] GC(17) User=0.03s Sys=0.03s Real=0.02s
[2025-03-06T22:47:29.175+0530][gc,start      ] GC(18) Pause Young (Normal) (G1 Evacuation Pause)
[2025-03-06T22:47:29.176+0530][gc,task       ] GC(18) Using 8 workers of 8 for evacuation
[2025-03-06T22:47:29.186+0530][gc,phases     ] GC(18)   Pre Evacuate Collection Set: 0.2ms
[2025-03-06T22:47:29.186+0530][gc,phases     ] GC(18)   Evacuate Collection Set: 8.5ms
[2025-03-06T22:47:29.186+0530][gc,phases     ] GC(18)   Post Evacuate Collection Set: 0.6ms
[2025-03-06T22:47:29.186+0530][gc,phases     ] GC(18)   Other: 1.6ms
[2025-03-06T22:47:29.186+0530][gc,heap       ] GC(18) Eden regions: 69->0(71)
[2025-03-06T22:47:29.186+0530][gc,heap       ] GC(18) Survivor regions: 4->4(10)
[2025-03-06T22:47:29.186+0530][gc,heap       ] GC(18) Old regions: 18->18
[2025-03-06T22:47:29.186+0530][gc,heap       ] GC(18) Archive regions: 0->0
[2025-03-06T22:47:29.186+0530][gc,heap       ] GC(18) Humongous regions: 129->129
[2025-03-06T22:47:29.186+0530][gc,metaspace  ] GC(18) Metaspace: 53294K(56496K)->53294K(56496K) NonClass: 46637K(48304K)->46637K(48304K) Class: 6656K(8192K)->6656K(8192K)
[2025-03-06T22:47:29.186+0530][gc            ] GC(18) Pause Young (Normal) (G1 Evacuation Pause) 219M->150M(1024M) 11.166ms
[2025-03-06T22:47:29.186+0530][gc,cpu        ] GC(18) User=0.02s Sys=0.01s Real=0.01s
[2025-03-07T11:12:44.674+0530][gc,start      ] GC(19) Pause Young (Normal) (G1 Evacuation Pause)
[2025-03-07T11:12:44.676+0530][gc,task       ] GC(19) Using 8 workers of 8 for evacuation
[2025-03-07T11:12:44.692+0530][gc,phases     ] GC(19)   Pre Evacuate Collection Set: 0.5ms
[2025-03-07T11:12:44.692+0530][gc,phases     ] GC(19)   Evacuate Collection Set: 14.1ms
[2025-03-07T11:12:44.692+0530][gc,phases     ] GC(19)   Post Evacuate Collection Set: 0.6ms
[2025-03-07T11:12:44.692+0530][gc,phases     ] GC(19)   Other: 2.8ms
[2025-03-07T11:12:44.692+0530][gc,heap       ] GC(19) Eden regions: 71->0(73)
[2025-03-07T11:12:44.692+0530][gc,heap       ] GC(19) Survivor regions: 4->4(10)
[2025-03-07T11:12:44.692+0530][gc,heap       ] GC(19) Old regions: 18->18
[2025-03-07T11:12:44.692+0530][gc,heap       ] GC(19) Archive regions: 0->0
[2025-03-07T11:12:44.692+0530][gc,heap       ] GC(19) Humongous regions: 129->129
[2025-03-07T11:12:44.692+0530][gc,metaspace  ] GC(19) Metaspace: 53296K(56496K)->53296K(56496K) NonClass: 46640K(48304K)->46640K(48304K) Class: 6656K(8192K)->6656K(8192K)
[2025-03-07T11:12:44.692+0530][gc            ] GC(19) Pause Young (Normal) (G1 Evacuation Pause) 221M->150M(1024M) 18.147ms
[2025-03-07T11:12:44.692+0530][gc,cpu        ] GC(19) User=0.03s Sys=0.02s Real=0.02s
[2025-03-07T12:24:01.978+0530][gc,heap,exit  ] Heap
[2025-03-07T12:24:01.978+0530][gc,heap,exit  ]  garbage-first heap   total 1048576K, used 188108K [0x0000000780000000, 0x00000007c0000000)
[2025-03-07T12:24:01.978+0530][gc,heap,exit  ]   region size 1024K, 39 young (39936K), 4 survivors (4096K)
[2025-03-07T12:24:01.978+0530][gc,heap,exit  ]  Metaspace       used 54271K, capacity 57375K, committed 57520K, reserved 1097728K
[2025-03-07T12:24:01.978+0530][gc,heap,exit  ]   class space    used 6876K, capacity 8397K, committed 8448K, reserved 1048576K
