[2025-03-07T12:27:09.492+0530][gc,heap] Heap region size: 1M
[2025-03-07T12:27:09.494+0530][gc     ] Using G1
[2025-03-07T12:27:09.494+0530][gc,heap,coops] Heap address: 0x0000000780000000, size: 1024 MB, Compressed Oops mode: Zero based, Oop shift amount: 3
[2025-03-07T12:27:15.018+0530][gc,start     ] GC(0) Pause Young (Normal) (G1 Evacuation Pause)
[2025-03-07T12:27:15.018+0530][gc,task      ] GC(0) Using 8 workers of 8 for evacuation
[2025-03-07T12:27:15.023+0530][gc,phases    ] GC(0)   Pre Evacuate Collection Set: 0.1ms
[2025-03-07T12:27:15.023+0530][gc,phases    ] GC(0)   Evacuate Collection Set: 4.1ms
[2025-03-07T12:27:15.023+0530][gc,phases    ] GC(0)   Post Evacuate Collection Set: 0.4ms
[2025-03-07T12:27:15.023+0530][gc,phases    ] GC(0)   Other: 0.2ms
[2025-03-07T12:27:15.023+0530][gc,heap      ] GC(0) Eden regions: 51->0(44)
[2025-03-07T12:27:15.023+0530][gc,heap      ] GC(0) Survivor regions: 0->7(7)
[2025-03-07T12:27:15.023+0530][gc,heap      ] GC(0) Old regions: 0->1
[2025-03-07T12:27:15.023+0530][gc,heap      ] GC(0) Archive regions: 0->0
[2025-03-07T12:27:15.023+0530][gc,heap      ] GC(0) Humongous regions: 0->0
[2025-03-07T12:27:15.023+0530][gc,metaspace ] GC(0) Metaspace: 20293K(20992K)->20293K(20992K) NonClass: 17963K(18432K)->17963K(18432K) Class: 2330K(2560K)->2330K(2560K)
[2025-03-07T12:27:15.023+0530][gc           ] GC(0) Pause Young (Normal) (G1 Evacuation Pause) 51M->7M(1024M) 4.895ms
[2025-03-07T12:27:15.023+0530][gc,cpu       ] GC(0) User=0.02s Sys=0.00s Real=0.01s
[2025-03-07T12:27:15.034+0530][gc,start     ] GC(1) Pause Young (Concurrent Start) (Metadata GC Threshold)
[2025-03-07T12:27:15.034+0530][gc,task      ] GC(1) Using 8 workers of 8 for evacuation
[2025-03-07T12:27:15.036+0530][gc,phases    ] GC(1)   Pre Evacuate Collection Set: 0.0ms
[2025-03-07T12:27:15.036+0530][gc,phases    ] GC(1)   Evacuate Collection Set: 2.2ms
[2025-03-07T12:27:15.036+0530][gc,phases    ] GC(1)   Post Evacuate Collection Set: 0.1ms
[2025-03-07T12:27:15.036+0530][gc,phases    ] GC(1)   Other: 0.1ms
[2025-03-07T12:27:15.036+0530][gc,heap      ] GC(1) Eden regions: 3->0(50)
[2025-03-07T12:27:15.036+0530][gc,heap      ] GC(1) Survivor regions: 7->1(7)
[2025-03-07T12:27:15.036+0530][gc,heap      ] GC(1) Old regions: 1->8
[2025-03-07T12:27:15.036+0530][gc,heap      ] GC(1) Archive regions: 0->0
[2025-03-07T12:27:15.036+0530][gc,heap      ] GC(1) Humongous regions: 0->0
[2025-03-07T12:27:15.036+0530][gc,metaspace ] GC(1) Metaspace: 20679K(21296K)->20679K(21296K) NonClass: 18288K(18608K)->18288K(18608K) Class: 2391K(2688K)->2391K(2688K)
[2025-03-07T12:27:15.036+0530][gc           ] GC(1) Pause Young (Concurrent Start) (Metadata GC Threshold) 10M->8M(1024M) 2.531ms
[2025-03-07T12:27:15.036+0530][gc,cpu       ] GC(1) User=0.01s Sys=0.00s Real=0.00s
[2025-03-07T12:27:15.036+0530][gc           ] GC(2) Concurrent Cycle
[2025-03-07T12:27:15.036+0530][gc,marking   ] GC(2) Concurrent Clear Claimed Marks
[2025-03-07T12:27:15.036+0530][gc,marking   ] GC(2) Concurrent Clear Claimed Marks 0.013ms
[2025-03-07T12:27:15.036+0530][gc,marking   ] GC(2) Concurrent Scan Root Regions
[2025-03-07T12:27:15.037+0530][gc,marking   ] GC(2) Concurrent Scan Root Regions 0.062ms
[2025-03-07T12:27:15.037+0530][gc,marking   ] GC(2) Concurrent Mark (5.553s)
[2025-03-07T12:27:15.037+0530][gc,marking   ] GC(2) Concurrent Mark From Roots
[2025-03-07T12:27:15.037+0530][gc,task      ] GC(2) Using 2 workers of 2 for marking
[2025-03-07T12:27:15.039+0530][gc,marking   ] GC(2) Concurrent Mark From Roots 2.196ms
[2025-03-07T12:27:15.039+0530][gc,marking   ] GC(2) Concurrent Preclean
[2025-03-07T12:27:15.039+0530][gc,marking   ] GC(2) Concurrent Preclean 0.021ms
[2025-03-07T12:27:15.039+0530][gc,marking   ] GC(2) Concurrent Mark (5.553s, 5.556s) 2.247ms
[2025-03-07T12:27:15.039+0530][gc,start     ] GC(2) Pause Remark
[2025-03-07T12:27:15.040+0530][gc,stringtable] GC(2) Cleaned string and symbol table, strings: 7923 processed, 0 removed, symbols: 69124 processed, 39 removed
[2025-03-07T12:27:15.040+0530][gc            ] GC(2) Pause Remark 9M->9M(1024M) 0.938ms
[2025-03-07T12:27:15.040+0530][gc,cpu        ] GC(2) User=0.00s Sys=0.00s Real=0.01s
[2025-03-07T12:27:15.040+0530][gc,marking    ] GC(2) Concurrent Rebuild Remembered Sets
[2025-03-07T12:27:15.042+0530][gc,marking    ] GC(2) Concurrent Rebuild Remembered Sets 1.743ms
[2025-03-07T12:27:15.042+0530][gc,start      ] GC(2) Pause Cleanup
[2025-03-07T12:27:15.042+0530][gc            ] GC(2) Pause Cleanup 9M->9M(1024M) 0.066ms
[2025-03-07T12:27:15.042+0530][gc,cpu        ] GC(2) User=0.00s Sys=0.00s Real=0.00s
[2025-03-07T12:27:15.042+0530][gc,marking    ] GC(2) Concurrent Cleanup for Next Mark
[2025-03-07T12:27:15.043+0530][gc,marking    ] GC(2) Concurrent Cleanup for Next Mark 1.183ms
[2025-03-07T12:27:15.043+0530][gc            ] GC(2) Concurrent Cycle 6.523ms
[2025-03-07T12:27:15.418+0530][gc,start      ] GC(3) Pause Young (Normal) (G1 Evacuation Pause)
[2025-03-07T12:27:15.420+0530][gc,task       ] GC(3) Using 8 workers of 8 for evacuation
[2025-03-07T12:27:15.421+0530][gc,phases     ] GC(3)   Pre Evacuate Collection Set: 0.0ms
[2025-03-07T12:27:15.421+0530][gc,phases     ] GC(3)   Evacuate Collection Set: 1.0ms
[2025-03-07T12:27:15.421+0530][gc,phases     ] GC(3)   Post Evacuate Collection Set: 0.1ms
[2025-03-07T12:27:15.421+0530][gc,phases     ] GC(3)   Other: 2.6ms
[2025-03-07T12:27:15.421+0530][gc,heap       ] GC(3) Eden regions: 50->0(49)
[2025-03-07T12:27:15.421+0530][gc,heap       ] GC(3) Survivor regions: 1->2(7)
[2025-03-07T12:27:15.421+0530][gc,heap       ] GC(3) Old regions: 8->8
[2025-03-07T12:27:15.421+0530][gc,heap       ] GC(3) Archive regions: 0->0
[2025-03-07T12:27:15.421+0530][gc,heap       ] GC(3) Humongous regions: 0->0
[2025-03-07T12:27:15.421+0530][gc,metaspace  ] GC(3) Metaspace: 29475K(30512K)->29475K(30512K) NonClass: 25966K(26544K)->25966K(26544K) Class: 3508K(3968K)->3508K(3968K)
[2025-03-07T12:27:15.421+0530][gc            ] GC(3) Pause Young (Normal) (G1 Evacuation Pause) 58M->9M(1024M) 3.680ms
[2025-03-07T12:27:15.421+0530][gc,cpu        ] GC(3) User=0.00s Sys=0.00s Real=0.01s
[2025-03-07T12:27:15.941+0530][gc,start      ] GC(4) Pause Young (Concurrent Start) (Metadata GC Threshold)
[2025-03-07T12:27:15.941+0530][gc,task       ] GC(4) Using 8 workers of 8 for evacuation
[2025-03-07T12:27:15.943+0530][gc,phases     ] GC(4)   Pre Evacuate Collection Set: 0.0ms
[2025-03-07T12:27:15.943+0530][gc,phases     ] GC(4)   Evacuate Collection Set: 2.4ms
[2025-03-07T12:27:15.943+0530][gc,phases     ] GC(4)   Post Evacuate Collection Set: 0.1ms
[2025-03-07T12:27:15.943+0530][gc,phases     ] GC(4)   Other: 0.1ms
[2025-03-07T12:27:15.943+0530][gc,heap       ] GC(4) Eden regions: 38->0(47)
[2025-03-07T12:27:15.943+0530][gc,heap       ] GC(4) Survivor regions: 2->4(7)
[2025-03-07T12:27:15.943+0530][gc,heap       ] GC(4) Old regions: 8->8
[2025-03-07T12:27:15.943+0530][gc,heap       ] GC(4) Archive regions: 0->0
[2025-03-07T12:27:15.943+0530][gc,heap       ] GC(4) Humongous regions: 129->129
[2025-03-07T12:27:15.943+0530][gc,metaspace  ] GC(4) Metaspace: 34886K(35888K)->34886K(35888K) NonClass: 30935K(31408K)->30935K(31408K) Class: 3951K(4480K)->3951K(4480K)
[2025-03-07T12:27:15.943+0530][gc            ] GC(4) Pause Young (Concurrent Start) (Metadata GC Threshold) 176M->139M(1024M) 2.718ms
[2025-03-07T12:27:15.943+0530][gc,cpu        ] GC(4) User=0.01s Sys=0.00s Real=0.00s
[2025-03-07T12:27:15.943+0530][gc            ] GC(5) Concurrent Cycle
[2025-03-07T12:27:15.943+0530][gc,marking    ] GC(5) Concurrent Clear Claimed Marks
[2025-03-07T12:27:15.943+0530][gc,marking    ] GC(5) Concurrent Clear Claimed Marks 0.013ms
[2025-03-07T12:27:15.943+0530][gc,marking    ] GC(5) Concurrent Scan Root Regions
[2025-03-07T12:27:15.944+0530][gc,marking    ] GC(5) Concurrent Scan Root Regions 0.739ms
[2025-03-07T12:27:15.944+0530][gc,marking    ] GC(5) Concurrent Mark (6.461s)
[2025-03-07T12:27:15.944+0530][gc,marking    ] GC(5) Concurrent Mark From Roots
[2025-03-07T12:27:15.944+0530][gc,task       ] GC(5) Using 2 workers of 2 for marking
[2025-03-07T12:27:15.946+0530][gc,marking    ] GC(5) Concurrent Mark From Roots 2.159ms
[2025-03-07T12:27:15.946+0530][gc,marking    ] GC(5) Concurrent Preclean
[2025-03-07T12:27:15.946+0530][gc,marking    ] GC(5) Concurrent Preclean 0.019ms
[2025-03-07T12:27:15.946+0530][gc,marking    ] GC(5) Concurrent Mark (6.461s, 6.463s) 2.208ms
[2025-03-07T12:27:15.946+0530][gc,start      ] GC(5) Pause Remark
[2025-03-07T12:27:15.948+0530][gc,stringtable] GC(5) Cleaned string and symbol table, strings: 11629 processed, 12 removed, symbols: 102019 processed, 19 removed
[2025-03-07T12:27:15.948+0530][gc            ] GC(5) Pause Remark 140M->140M(1024M) 1.205ms
[2025-03-07T12:27:15.948+0530][gc,cpu        ] GC(5) User=0.01s Sys=0.00s Real=0.00s
[2025-03-07T12:27:15.948+0530][gc,marking    ] GC(5) Concurrent Rebuild Remembered Sets
[2025-03-07T12:27:15.949+0530][gc,marking    ] GC(5) Concurrent Rebuild Remembered Sets 1.740ms
[2025-03-07T12:27:15.950+0530][gc,start      ] GC(5) Pause Cleanup
[2025-03-07T12:27:15.950+0530][gc            ] GC(5) Pause Cleanup 141M->141M(1024M) 0.058ms
[2025-03-07T12:27:15.950+0530][gc,cpu        ] GC(5) User=0.00s Sys=0.00s Real=0.00s
[2025-03-07T12:27:15.950+0530][gc,marking    ] GC(5) Concurrent Cleanup for Next Mark
[2025-03-07T12:27:15.951+0530][gc,marking    ] GC(5) Concurrent Cleanup for Next Mark 1.208ms
[2025-03-07T12:27:15.951+0530][gc            ] GC(5) Concurrent Cycle 7.400ms
[2025-03-07T12:27:16.149+0530][gc,start      ] GC(6) Pause Young (Normal) (G1 Evacuation Pause)
[2025-03-07T12:27:16.149+0530][gc,task       ] GC(6) Using 8 workers of 8 for evacuation
[2025-03-07T12:27:16.152+0530][gc,phases     ] GC(6)   Pre Evacuate Collection Set: 0.0ms
[2025-03-07T12:27:16.152+0530][gc,phases     ] GC(6)   Evacuate Collection Set: 3.4ms
[2025-03-07T12:27:16.152+0530][gc,phases     ] GC(6)   Post Evacuate Collection Set: 0.2ms
[2025-03-07T12:27:16.152+0530][gc,phases     ] GC(6)   Other: 0.1ms
[2025-03-07T12:27:16.152+0530][gc,heap       ] GC(6) Eden regions: 47->0(44)
[2025-03-07T12:27:16.152+0530][gc,heap       ] GC(6) Survivor regions: 4->7(7)
[2025-03-07T12:27:16.152+0530][gc,heap       ] GC(6) Old regions: 8->8
[2025-03-07T12:27:16.152+0530][gc,heap       ] GC(6) Archive regions: 0->0
[2025-03-07T12:27:16.152+0530][gc,heap       ] GC(6) Humongous regions: 129->129
[2025-03-07T12:27:16.152+0530][gc,metaspace  ] GC(6) Metaspace: 41955K(43568K)->41955K(43568K) NonClass: 37208K(38064K)->37208K(38064K) Class: 4747K(5504K)->4747K(5504K)
[2025-03-07T12:27:16.152+0530][gc            ] GC(6) Pause Young (Normal) (G1 Evacuation Pause) 186M->143M(1024M) 3.764ms
[2025-03-07T12:27:16.152+0530][gc,cpu        ] GC(6) User=0.02s Sys=0.00s Real=0.01s
[2025-03-07T12:27:22.683+0530][gc,start      ] GC(7) Pause Young (Normal) (G1 Evacuation Pause)
[2025-03-07T12:27:22.683+0530][gc,task       ] GC(7) Using 8 workers of 8 for evacuation
[2025-03-07T12:27:22.690+0530][gc,phases     ] GC(7)   Pre Evacuate Collection Set: 0.0ms
[2025-03-07T12:27:22.690+0530][gc,phases     ] GC(7)   Evacuate Collection Set: 6.5ms
[2025-03-07T12:27:22.690+0530][gc,phases     ] GC(7)   Post Evacuate Collection Set: 0.4ms
[2025-03-07T12:27:22.690+0530][gc,phases     ] GC(7)   Other: 0.1ms
[2025-03-07T12:27:22.690+0530][gc,heap       ] GC(7) Eden regions: 44->0(48)
[2025-03-07T12:27:22.690+0530][gc,heap       ] GC(7) Survivor regions: 7->3(7)
[2025-03-07T12:27:22.690+0530][gc,heap       ] GC(7) Old regions: 8->15
[2025-03-07T12:27:22.690+0530][gc,heap       ] GC(7) Archive regions: 0->0
[2025-03-07T12:27:22.690+0530][gc,heap       ] GC(7) Humongous regions: 189->129
[2025-03-07T12:27:22.690+0530][gc,metaspace  ] GC(7) Metaspace: 48476K(50992K)->48476K(50992K) NonClass: 42579K(43952K)->42579K(43952K) Class: 5897K(7040K)->5897K(7040K)
[2025-03-07T12:27:22.690+0530][gc            ] GC(7) Pause Young (Normal) (G1 Evacuation Pause) 247M->145M(1024M) 7.120ms
[2025-03-07T12:27:22.690+0530][gc,cpu        ] GC(7) User=0.03s Sys=0.01s Real=0.01s
[2025-03-07T12:33:18.660+0530][gc,start      ] GC(8) Pause Young (Normal) (G1 Evacuation Pause)
[2025-03-07T12:33:18.660+0530][gc,task       ] GC(8) Using 8 workers of 8 for evacuation
[2025-03-07T12:33:18.671+0530][gc,phases     ] GC(8)   Pre Evacuate Collection Set: 0.5ms
[2025-03-07T12:33:18.671+0530][gc,phases     ] GC(8)   Evacuate Collection Set: 9.3ms
[2025-03-07T12:33:18.671+0530][gc,phases     ] GC(8)   Post Evacuate Collection Set: 0.7ms
[2025-03-07T12:33:18.671+0530][gc,phases     ] GC(8)   Other: 0.9ms
[2025-03-07T12:33:18.671+0530][gc,heap       ] GC(8) Eden regions: 48->0(46)
[2025-03-07T12:33:18.671+0530][gc,heap       ] GC(8) Survivor regions: 3->5(7)
[2025-03-07T12:33:18.671+0530][gc,heap       ] GC(8) Old regions: 15->15
[2025-03-07T12:33:18.671+0530][gc,heap       ] GC(8) Archive regions: 0->0
[2025-03-07T12:33:18.671+0530][gc,heap       ] GC(8) Humongous regions: 129->129
[2025-03-07T12:33:18.671+0530][gc,metaspace  ] GC(8) Metaspace: 51698K(54576K)->51698K(54576K) NonClass: 45297K(46768K)->45297K(46768K) Class: 6401K(7808K)->6401K(7808K)
[2025-03-07T12:33:18.671+0530][gc            ] GC(8) Pause Young (Normal) (G1 Evacuation Pause) 193M->148M(1024M) 11.603ms
[2025-03-07T12:33:18.671+0530][gc,cpu        ] GC(8) User=0.03s Sys=0.02s Real=0.01s
[2025-03-07T12:39:21.585+0530][gc,start      ] GC(9) Pause Young (Normal) (G1 Evacuation Pause)
[2025-03-07T12:39:21.585+0530][gc,task       ] GC(9) Using 8 workers of 8 for evacuation
[2025-03-07T12:39:21.598+0530][gc,phases     ] GC(9)   Pre Evacuate Collection Set: 0.2ms
[2025-03-07T12:39:21.598+0530][gc,phases     ] GC(9)   Evacuate Collection Set: 11.2ms
[2025-03-07T12:39:21.598+0530][gc,phases     ] GC(9)   Post Evacuate Collection Set: 0.7ms
[2025-03-07T12:39:21.598+0530][gc,phases     ] GC(9)   Other: 0.6ms
[2025-03-07T12:39:21.598+0530][gc,heap       ] GC(9) Eden regions: 46->0(48)
[2025-03-07T12:39:21.598+0530][gc,heap       ] GC(9) Survivor regions: 5->3(7)
[2025-03-07T12:39:21.598+0530][gc,heap       ] GC(9) Old regions: 15->17
[2025-03-07T12:39:21.598+0530][gc,heap       ] GC(9) Archive regions: 0->0
[2025-03-07T12:39:21.598+0530][gc,heap       ] GC(9) Humongous regions: 129->129
[2025-03-07T12:39:21.598+0530][gc,metaspace  ] GC(9) Metaspace: 51895K(54832K)->51895K(54832K) NonClass: 45464K(47024K)->45464K(47024K) Class: 6431K(7808K)->6431K(7808K)
[2025-03-07T12:39:21.598+0530][gc            ] GC(9) Pause Young (Normal) (G1 Evacuation Pause) 194M->148M(1024M) 13.073ms
[2025-03-07T12:39:21.598+0530][gc,cpu        ] GC(9) User=0.03s Sys=0.01s Real=0.01s
[2025-03-07T12:46:15.376+0530][gc,start      ] GC(10) Pause Young (Normal) (G1 Evacuation Pause)
[2025-03-07T12:46:15.376+0530][gc,task       ] GC(10) Using 8 workers of 8 for evacuation
[2025-03-07T12:46:15.384+0530][gc,phases     ] GC(10)   Pre Evacuate Collection Set: 0.3ms
[2025-03-07T12:46:15.385+0530][gc,phases     ] GC(10)   Evacuate Collection Set: 6.5ms
[2025-03-07T12:46:15.385+0530][gc,phases     ] GC(10)   Post Evacuate Collection Set: 0.8ms
[2025-03-07T12:46:15.385+0530][gc,phases     ] GC(10)   Other: 0.9ms
[2025-03-07T12:46:15.385+0530][gc,heap       ] GC(10) Eden regions: 48->0(48)
[2025-03-07T12:46:15.385+0530][gc,heap       ] GC(10) Survivor regions: 3->3(7)
[2025-03-07T12:46:15.385+0530][gc,heap       ] GC(10) Old regions: 17->17
[2025-03-07T12:46:15.385+0530][gc,heap       ] GC(10) Archive regions: 0->0
[2025-03-07T12:46:15.385+0530][gc,heap       ] GC(10) Humongous regions: 129->129
[2025-03-07T12:46:15.385+0530][gc,metaspace  ] GC(10) Metaspace: 51956K(54832K)->51956K(54832K) NonClass: 45523K(47024K)->45523K(47024K) Class: 6432K(7808K)->6432K(7808K)
[2025-03-07T12:46:15.385+0530][gc            ] GC(10) Pause Young (Normal) (G1 Evacuation Pause) 196M->147M(1024M) 8.773ms
[2025-03-07T12:46:15.385+0530][gc,cpu        ] GC(10) User=0.01s Sys=0.01s Real=0.01s
[2025-03-07T12:54:16.479+0530][gc,start      ] GC(11) Pause Young (Normal) (G1 Evacuation Pause)
[2025-03-07T12:54:16.479+0530][gc,task       ] GC(11) Using 8 workers of 8 for evacuation
[2025-03-07T12:54:16.506+0530][gc,mmu        ] GC(11) MMU target violated: 21.0ms (20.0ms/21.0ms)
[2025-03-07T12:54:16.506+0530][gc,phases     ] GC(11)   Pre Evacuate Collection Set: 0.6ms
[2025-03-07T12:54:16.506+0530][gc,phases     ] GC(11)   Evacuate Collection Set: 24.9ms
[2025-03-07T12:54:16.506+0530][gc,phases     ] GC(11)   Post Evacuate Collection Set: 0.7ms
[2025-03-07T12:54:16.506+0530][gc,phases     ] GC(11)   Other: 1.1ms
[2025-03-07T12:54:16.506+0530][gc,heap       ] GC(11) Eden regions: 48->0(47)
[2025-03-07T12:54:16.506+0530][gc,heap       ] GC(11) Survivor regions: 3->4(7)
[2025-03-07T12:54:16.506+0530][gc,heap       ] GC(11) Old regions: 17->17
[2025-03-07T12:54:16.506+0530][gc,heap       ] GC(11) Archive regions: 0->0
[2025-03-07T12:54:16.506+0530][gc,heap       ] GC(11) Humongous regions: 129->129
[2025-03-07T12:54:16.506+0530][gc,metaspace  ] GC(11) Metaspace: 52007K(54832K)->52007K(54832K) NonClass: 45574K(47024K)->45574K(47024K) Class: 6432K(7808K)->6432K(7808K)
[2025-03-07T12:54:16.506+0530][gc            ] GC(11) Pause Young (Normal) (G1 Evacuation Pause) 195M->148M(1024M) 27.341ms
[2025-03-07T12:54:16.506+0530][gc,cpu        ] GC(11) User=0.04s Sys=0.02s Real=0.03s
[2025-03-07T13:03:59.227+0530][gc,start      ] GC(12) Pause Young (Normal) (G1 Evacuation Pause)
[2025-03-07T13:03:59.228+0530][gc,task       ] GC(12) Using 8 workers of 8 for evacuation
[2025-03-07T13:03:59.242+0530][gc,phases     ] GC(12)   Pre Evacuate Collection Set: 0.2ms
[2025-03-07T13:03:59.242+0530][gc,phases     ] GC(12)   Evacuate Collection Set: 13.2ms
[2025-03-07T13:03:59.242+0530][gc,phases     ] GC(12)   Post Evacuate Collection Set: 0.8ms
[2025-03-07T13:03:59.242+0530][gc,phases     ] GC(12)   Other: 0.9ms
[2025-03-07T13:03:59.242+0530][gc,heap       ] GC(12) Eden regions: 47->0(47)
[2025-03-07T13:03:59.242+0530][gc,heap       ] GC(12) Survivor regions: 4->4(7)
[2025-03-07T13:03:59.242+0530][gc,heap       ] GC(12) Old regions: 17->17
[2025-03-07T13:03:59.242+0530][gc,heap       ] GC(12) Archive regions: 0->0
[2025-03-07T13:03:59.242+0530][gc,heap       ] GC(12) Humongous regions: 129->129
[2025-03-07T13:03:59.242+0530][gc,metaspace  ] GC(12) Metaspace: 52152K(55088K)->52152K(55088K) NonClass: 45719K(47280K)->45719K(47280K) Class: 6432K(7808K)->6432K(7808K)
[2025-03-07T13:03:59.243+0530][gc            ] GC(12) Pause Young (Normal) (G1 Evacuation Pause) 195M->148M(1024M) 15.227ms
[2025-03-07T13:03:59.243+0530][gc,cpu        ] GC(12) User=0.03s Sys=0.01s Real=0.02s
[2025-03-07T13:14:01.878+0530][gc,start      ] GC(13) Pause Young (Normal) (G1 Evacuation Pause)
[2025-03-07T13:14:01.879+0530][gc,task       ] GC(13) Using 8 workers of 8 for evacuation
[2025-03-07T13:14:01.894+0530][gc,phases     ] GC(13)   Pre Evacuate Collection Set: 0.4ms
[2025-03-07T13:14:01.894+0530][gc,phases     ] GC(13)   Evacuate Collection Set: 13.3ms
[2025-03-07T13:14:01.894+0530][gc,phases     ] GC(13)   Post Evacuate Collection Set: 0.8ms
[2025-03-07T13:14:01.894+0530][gc,phases     ] GC(13)   Other: 1.5ms
[2025-03-07T13:14:01.894+0530][gc,heap       ] GC(13) Eden regions: 47->0(48)
[2025-03-07T13:14:01.894+0530][gc,heap       ] GC(13) Survivor regions: 4->3(7)
[2025-03-07T13:14:01.894+0530][gc,heap       ] GC(13) Old regions: 17->17
[2025-03-07T13:14:01.894+0530][gc,heap       ] GC(13) Archive regions: 0->0
[2025-03-07T13:14:01.894+0530][gc,heap       ] GC(13) Humongous regions: 129->129
[2025-03-07T13:14:01.894+0530][gc,metaspace  ] GC(13) Metaspace: 52221K(55088K)->52221K(55088K) NonClass: 45788K(47280K)->45788K(47280K) Class: 6432K(7808K)->6432K(7808K)
[2025-03-07T13:14:01.894+0530][gc            ] GC(13) Pause Young (Normal) (G1 Evacuation Pause) 195M->148M(1024M) 16.142ms
[2025-03-07T13:14:01.894+0530][gc,cpu        ] GC(13) User=0.03s Sys=0.01s Real=0.02s
[2025-03-07T13:24:15.452+0530][gc,start      ] GC(14) Pause Young (Normal) (G1 Evacuation Pause)
[2025-03-07T13:24:15.453+0530][gc,task       ] GC(14) Using 8 workers of 8 for evacuation
[2025-03-07T13:24:15.462+0530][gc,phases     ] GC(14)   Pre Evacuate Collection Set: 0.2ms
[2025-03-07T13:24:15.462+0530][gc,phases     ] GC(14)   Evacuate Collection Set: 8.3ms
[2025-03-07T13:24:15.462+0530][gc,phases     ] GC(14)   Post Evacuate Collection Set: 0.6ms
[2025-03-07T13:24:15.463+0530][gc,phases     ] GC(14)   Other: 1.5ms
[2025-03-07T13:24:15.463+0530][gc,heap       ] GC(14) Eden regions: 48->0(56)
[2025-03-07T13:24:15.463+0530][gc,heap       ] GC(14) Survivor regions: 3->4(7)
[2025-03-07T13:24:15.463+0530][gc,heap       ] GC(14) Old regions: 17->17
[2025-03-07T13:24:15.463+0530][gc,heap       ] GC(14) Archive regions: 0->0
[2025-03-07T13:24:15.463+0530][gc,heap       ] GC(14) Humongous regions: 129->129
[2025-03-07T13:24:15.463+0530][gc,metaspace  ] GC(14) Metaspace: 52243K(55088K)->52243K(55088K) NonClass: 45810K(47280K)->45810K(47280K) Class: 6432K(7808K)->6432K(7808K)
[2025-03-07T13:24:15.463+0530][gc            ] GC(14) Pause Young (Normal) (G1 Evacuation Pause) 196M->149M(1024M) 11.042ms
[2025-03-07T13:24:15.463+0530][gc,cpu        ] GC(14) User=0.02s Sys=0.01s Real=0.01s
[2025-03-07T13:35:32.606+0530][gc,start      ] GC(15) Pause Young (Normal) (G1 Evacuation Pause)
[2025-03-07T13:35:32.607+0530][gc,task       ] GC(15) Using 8 workers of 8 for evacuation
[2025-03-07T13:35:32.623+0530][gc,phases     ] GC(15)   Pre Evacuate Collection Set: 0.3ms
[2025-03-07T13:35:32.623+0530][gc,phases     ] GC(15)   Evacuate Collection Set: 13.9ms
[2025-03-07T13:35:32.623+0530][gc,phases     ] GC(15)   Post Evacuate Collection Set: 0.8ms
[2025-03-07T13:35:32.623+0530][gc,phases     ] GC(15)   Other: 1.5ms
[2025-03-07T13:35:32.623+0530][gc,heap       ] GC(15) Eden regions: 56->0(60)
[2025-03-07T13:35:32.623+0530][gc,heap       ] GC(15) Survivor regions: 4->4(8)
[2025-03-07T13:35:32.623+0530][gc,heap       ] GC(15) Old regions: 17->17
[2025-03-07T13:35:32.623+0530][gc,heap       ] GC(15) Archive regions: 0->0
[2025-03-07T13:35:32.623+0530][gc,heap       ] GC(15) Humongous regions: 129->129
[2025-03-07T13:35:32.623+0530][gc,metaspace  ] GC(15) Metaspace: 52313K(55344K)->52313K(55344K) NonClass: 45874K(47536K)->45874K(47536K) Class: 6438K(7808K)->6438K(7808K)
[2025-03-07T13:35:32.623+0530][gc            ] GC(15) Pause Young (Normal) (G1 Evacuation Pause) 205M->148M(1024M) 16.772ms
[2025-03-07T13:35:32.623+0530][gc,cpu        ] GC(15) User=0.03s Sys=0.01s Real=0.02s
[2025-03-07T13:48:09.676+0530][gc,start      ] GC(16) Pause Young (Normal) (G1 Evacuation Pause)
[2025-03-07T13:48:09.678+0530][gc,task       ] GC(16) Using 8 workers of 8 for evacuation
[2025-03-07T13:48:09.689+0530][gc,phases     ] GC(16)   Pre Evacuate Collection Set: 0.2ms
[2025-03-07T13:48:09.689+0530][gc,phases     ] GC(16)   Evacuate Collection Set: 9.2ms
[2025-03-07T13:48:09.689+0530][gc,phases     ] GC(16)   Post Evacuate Collection Set: 1.0ms
[2025-03-07T13:48:09.689+0530][gc,phases     ] GC(16)   Other: 3.3ms
[2025-03-07T13:48:09.689+0530][gc,heap       ] GC(16) Eden regions: 60->0(349)
[2025-03-07T13:48:09.689+0530][gc,heap       ] GC(16) Survivor regions: 4->4(8)
[2025-03-07T13:48:09.689+0530][gc,heap       ] GC(16) Old regions: 17->17
[2025-03-07T13:48:09.690+0530][gc,heap       ] GC(16) Archive regions: 0->0
[2025-03-07T13:48:09.690+0530][gc,heap       ] GC(16) Humongous regions: 129->129
[2025-03-07T13:48:09.690+0530][gc,metaspace  ] GC(16) Metaspace: 52325K(55344K)->52325K(55344K) NonClass: 45887K(47536K)->45887K(47536K) Class: 6438K(7808K)->6438K(7808K)
[2025-03-07T13:48:09.690+0530][gc            ] GC(16) Pause Young (Normal) (G1 Evacuation Pause) 208M->148M(1024M) 13.598ms
[2025-03-07T13:48:09.690+0530][gc,cpu        ] GC(16) User=0.02s Sys=0.01s Real=0.02s
[2025-03-07T15:03:14.931+0530][gc,start      ] GC(17) Pause Young (Normal) (G1 Evacuation Pause)
[2025-03-07T15:03:14.931+0530][gc,task       ] GC(17) Using 8 workers of 8 for evacuation
[2025-03-07T15:03:14.967+0530][gc,mmu        ] GC(17) MMU target violated: 21.0ms (20.0ms/21.0ms)
[2025-03-07T15:03:14.967+0530][gc,phases     ] GC(17)   Pre Evacuate Collection Set: 0.3ms
[2025-03-07T15:03:14.967+0530][gc,phases     ] GC(17)   Evacuate Collection Set: 23.1ms
[2025-03-07T15:03:14.967+0530][gc,phases     ] GC(17)   Post Evacuate Collection Set: 11.4ms
[2025-03-07T15:03:14.967+0530][gc,phases     ] GC(17)   Other: 1.4ms
[2025-03-07T15:03:14.967+0530][gc,heap       ] GC(17) Eden regions: 349->0(349)
[2025-03-07T15:03:14.967+0530][gc,heap       ] GC(17) Survivor regions: 4->4(45)
[2025-03-07T15:03:14.967+0530][gc,heap       ] GC(17) Old regions: 17->17
[2025-03-07T15:03:14.967+0530][gc,heap       ] GC(17) Archive regions: 0->0
[2025-03-07T15:03:14.967+0530][gc,heap       ] GC(17) Humongous regions: 129->129
[2025-03-07T15:03:14.967+0530][gc,metaspace  ] GC(17) Metaspace: 52396K(55344K)->52396K(55344K) NonClass: 45958K(47536K)->45958K(47536K) Class: 6438K(7808K)->6438K(7808K)
[2025-03-07T15:03:14.967+0530][gc            ] GC(17) Pause Young (Normal) (G1 Evacuation Pause) 497M->148M(1024M) 36.343ms
[2025-03-07T15:03:14.967+0530][gc,cpu        ] GC(17) User=0.02s Sys=0.01s Real=0.03s
