[2025-03-05T14:00:19.528+0530][gc,heap] Heap region size: 1M
[2025-03-05T14:00:19.529+0530][gc     ] Using G1
[2025-03-05T14:00:19.529+0530][gc,heap,coops] Heap address: 0x00000007a0000000, size: 512 MB, Compressed Oops mode: Zero based, Oop shift amount: 3
[2025-03-05T14:00:24.881+0530][gc,start     ] GC(0) Pause Young (Normal) (G1 Evacuation Pause)
[2025-03-05T14:00:24.882+0530][gc,task      ] GC(0) Using 8 workers of 8 for evacuation
[2025-03-05T14:00:24.885+0530][gc,phases    ] GC(0)   Pre Evacuate Collection Set: 0.0ms
[2025-03-05T14:00:24.885+0530][gc,phases    ] GC(0)   Evacuate Collection Set: 2.9ms
[2025-03-05T14:00:24.885+0530][gc,phases    ] GC(0)   Post Evacuate Collection Set: 0.2ms
[2025-03-05T14:00:24.885+0530][gc,phases    ] GC(0)   Other: 0.3ms
[2025-03-05T14:00:24.885+0530][gc,heap      ] GC(0) Eden regions: 25->0(21)
[2025-03-05T14:00:24.885+0530][gc,heap      ] GC(0) Survivor regions: 0->4(4)
[2025-03-05T14:00:24.885+0530][gc,heap      ] GC(0) Old regions: 0->5
[2025-03-05T14:00:24.885+0530][gc,heap      ] GC(0) Archive regions: 0->0
[2025-03-05T14:00:24.885+0530][gc,heap      ] GC(0) Humongous regions: 0->0
[2025-03-05T14:00:24.885+0530][gc,metaspace ] GC(0) Metaspace: 14136K(14592K)->14136K(14592K) NonClass: 12704K(13056K)->12704K(13056K) Class: 1432K(1536K)->1432K(1536K)
[2025-03-05T14:00:24.885+0530][gc           ] GC(0) Pause Young (Normal) (G1 Evacuation Pause) 25M->8M(512M) 3.400ms
[2025-03-05T14:00:24.885+0530][gc,cpu       ] GC(0) User=0.02s Sys=0.01s Real=0.00s
[2025-03-05T14:00:24.893+0530][gc,heap,exit ] Heap
[2025-03-05T14:00:24.893+0530][gc,heap,exit ]  garbage-first heap   total 524288K, used 8265K [0x00000007a0000000, 0x00000007c0000000)
[2025-03-05T14:00:24.893+0530][gc,heap,exit ]   region size 1024K, 5 young (5120K), 4 survivors (4096K)
[2025-03-05T14:00:24.893+0530][gc,heap,exit ]  Metaspace       used 14476K, capacity 14753K, committed 14976K, reserved 1062912K
[2025-03-05T14:00:24.893+0530][gc,heap,exit ]   class space    used 1476K, capacity 1578K, committed 1664K, reserved 1048576K
