[2025-03-05T17:57:21.265+0530][gc,heap] Heap region size: 1M
[2025-03-05T17:57:21.266+0530][gc     ] Using G1
[2025-03-05T17:57:21.266+0530][gc,heap,coops] Heap address: 0x00000007a0000000, size: 512 MB, Compressed Oops mode: Zero based, Oop shift amount: 3
[2025-03-05T17:57:26.619+0530][gc,start     ] GC(0) Pause Young (Normal) (G1 Evacuation Pause)
[2025-03-05T17:57:26.619+0530][gc,task      ] GC(0) Using 8 workers of 8 for evacuation
[2025-03-05T17:57:26.622+0530][gc,phases    ] GC(0)   Pre Evacuate Collection Set: 0.0ms
[2025-03-05T17:57:26.622+0530][gc,phases    ] GC(0)   Evacuate Collection Set: 2.8ms
[2025-03-05T17:57:26.622+0530][gc,phases    ] GC(0)   Post Evacuate Collection Set: 0.1ms
[2025-03-05T17:57:26.622+0530][gc,phases    ] GC(0)   Other: 0.2ms
[2025-03-05T17:57:26.622+0530][gc,heap      ] GC(0) Eden regions: 25->0(21)
[2025-03-05T17:57:26.622+0530][gc,heap      ] GC(0) Survivor regions: 0->4(4)
[2025-03-05T17:57:26.622+0530][gc,heap      ] GC(0) Old regions: 0->5
[2025-03-05T17:57:26.622+0530][gc,heap      ] GC(0) Archive regions: 0->0
[2025-03-05T17:57:26.622+0530][gc,heap      ] GC(0) Humongous regions: 0->0
[2025-03-05T17:57:26.622+0530][gc,metaspace ] GC(0) Metaspace: 14189K(14720K)->14189K(14720K) NonClass: 12751K(13056K)->12751K(13056K) Class: 1437K(1664K)->1437K(1664K)
[2025-03-05T17:57:26.622+0530][gc           ] GC(0) Pause Young (Normal) (G1 Evacuation Pause) 25M->8M(512M) 3.297ms
[2025-03-05T17:57:26.622+0530][gc,cpu       ] GC(0) User=0.02s Sys=0.01s Real=0.01s
[2025-03-05T18:57:27.385+0530][gc,heap,exit ] Heap
[2025-03-05T18:57:27.385+0530][gc,heap,exit ]  garbage-first heap   total 524288K, used 26885K [0x00000007a0000000, 0x00000007c0000000)
[2025-03-05T18:57:27.385+0530][gc,heap,exit ]   region size 1024K, 24 young (24576K), 4 survivors (4096K)
[2025-03-05T18:57:27.385+0530][gc,heap,exit ]  Metaspace       used 16481K, capacity 16774K, committed 16896K, reserved 1064960K
[2025-03-05T18:57:27.386+0530][gc,heap,exit ]   class space    used 1647K, capacity 1784K, committed 1792K, reserved 1048576K
