[2025-03-06T12:01:16.659+0530][gc,heap] Heap region size: 1M
[2025-03-06T12:01:16.660+0530][gc     ] Using G1
[2025-03-06T12:01:16.660+0530][gc,heap,coops] Heap address: 0x00000007a0000000, size: 512 MB, Compressed Oops mode: Zero based, Oop shift amount: 3
[2025-03-06T12:01:22.018+0530][gc,start     ] GC(0) Pause Young (Normal) (G1 Evacuation Pause)
[2025-03-06T12:01:22.019+0530][gc,task      ] GC(0) Using 8 workers of 8 for evacuation
[2025-03-06T12:01:22.022+0530][gc,phases    ] GC(0)   Pre Evacuate Collection Set: 0.0ms
[2025-03-06T12:01:22.022+0530][gc,phases    ] GC(0)   Evacuate Collection Set: 2.9ms
[2025-03-06T12:01:22.022+0530][gc,phases    ] GC(0)   Post Evacuate Collection Set: 0.2ms
[2025-03-06T12:01:22.022+0530][gc,phases    ] GC(0)   Other: 0.2ms
[2025-03-06T12:01:22.022+0530][gc,heap      ] GC(0) Eden regions: 25->0(21)
[2025-03-06T12:01:22.022+0530][gc,heap      ] GC(0) Survivor regions: 0->4(4)
[2025-03-06T12:01:22.022+0530][gc,heap      ] GC(0) Old regions: 0->4
[2025-03-06T12:01:22.022+0530][gc,heap      ] GC(0) Archive regions: 0->0
[2025-03-06T12:01:22.022+0530][gc,heap      ] GC(0) Humongous regions: 0->0
[2025-03-06T12:01:22.022+0530][gc,metaspace ] GC(0) Metaspace: 14132K(14592K)->14132K(14592K) NonClass: 12702K(13056K)->12702K(13056K) Class: 1430K(1536K)->1430K(1536K)
[2025-03-06T12:01:22.022+0530][gc           ] GC(0) Pause Young (Normal) (G1 Evacuation Pause) 25M->7M(512M) 3.759ms
[2025-03-06T12:01:22.022+0530][gc,cpu       ] GC(0) User=0.01s Sys=0.01s Real=0.01s
[2025-03-06T14:18:06.632+0530][gc,start     ] GC(1) Pause Young (Normal) (G1 Evacuation Pause)
[2025-03-06T14:18:06.632+0530][gc,task      ] GC(1) Using 8 workers of 8 for evacuation
[2025-03-06T14:18:06.642+0530][gc,phases    ] GC(1)   Pre Evacuate Collection Set: 0.1ms
[2025-03-06T14:18:06.642+0530][gc,phases    ] GC(1)   Evacuate Collection Set: 9.5ms
[2025-03-06T14:18:06.642+0530][gc,phases    ] GC(1)   Post Evacuate Collection Set: 0.2ms
[2025-03-06T14:18:06.642+0530][gc,phases    ] GC(1)   Other: 0.1ms
[2025-03-06T14:18:06.642+0530][gc,heap      ] GC(1) Eden regions: 21->0(24)
[2025-03-06T14:18:06.642+0530][gc,heap      ] GC(1) Survivor regions: 4->1(4)
[2025-03-06T14:18:06.642+0530][gc,heap      ] GC(1) Old regions: 4->8
[2025-03-06T14:18:06.642+0530][gc,heap      ] GC(1) Archive regions: 0->0
[2025-03-06T14:18:06.642+0530][gc,heap      ] GC(1) Humongous regions: 0->0
[2025-03-06T14:18:06.642+0530][gc,metaspace ] GC(1) Metaspace: 16466K(16896K)->16466K(16896K) NonClass: 14821K(15104K)->14821K(15104K) Class: 1645K(1792K)->1645K(1792K)
[2025-03-06T14:18:06.642+0530][gc           ] GC(1) Pause Young (Normal) (G1 Evacuation Pause) 28M->8M(512M) 10.486ms
[2025-03-06T14:18:06.642+0530][gc,cpu       ] GC(1) User=0.02s Sys=0.03s Real=0.01s
[2025-03-07T12:22:16.370+0530][gc,heap,exit ] Heap
[2025-03-07T12:22:16.374+0530][gc,heap,exit ]  garbage-first heap   total 524288K, used 25235K [0x00000007a0000000, 0x00000007c0000000)
[2025-03-07T12:22:16.374+0530][gc,heap,exit ]   region size 1024K, 18 young (18432K), 1 survivors (1024K)
[2025-03-07T12:22:16.374+0530][gc,heap,exit ]  Metaspace       used 16495K, capacity 16836K, committed 16896K, reserved 1064960K
[2025-03-07T12:22:16.374+0530][gc,heap,exit ]   class space    used 1647K, capacity 1784K, committed 1792K, reserved 1048576K
