[2025-03-05T18:59:30.464+0530][gc,heap] Heap region size: 1M
[2025-03-05T18:59:30.465+0530][gc     ] Using G1
[2025-03-05T18:59:30.465+0530][gc,heap,coops] Heap address: 0x00000007a0000000, size: 512 MB, Compressed Oops mode: Zero based, Oop shift amount: 3
[2025-03-05T18:59:35.818+0530][gc,start     ] GC(0) Pause Young (Normal) (G1 Evacuation Pause)
[2025-03-05T18:59:35.819+0530][gc,task      ] GC(0) Using 8 workers of 8 for evacuation
[2025-03-05T18:59:35.821+0530][gc,phases    ] GC(0)   Pre Evacuate Collection Set: 0.0ms
[2025-03-05T18:59:35.822+0530][gc,phases    ] GC(0)   Evacuate Collection Set: 2.6ms
[2025-03-05T18:59:35.822+0530][gc,phases    ] GC(0)   Post Evacuate Collection Set: 0.2ms
[2025-03-05T18:59:35.822+0530][gc,phases    ] GC(0)   Other: 0.2ms
[2025-03-05T18:59:35.822+0530][gc,heap      ] GC(0) Eden regions: 25->0(21)
[2025-03-05T18:59:35.822+0530][gc,heap      ] GC(0) Survivor regions: 0->4(4)
[2025-03-05T18:59:35.822+0530][gc,heap      ] GC(0) Old regions: 0->4
[2025-03-05T18:59:35.822+0530][gc,heap      ] GC(0) Archive regions: 0->0
[2025-03-05T18:59:35.822+0530][gc,heap      ] GC(0) Humongous regions: 0->0
[2025-03-05T18:59:35.822+0530][gc,metaspace ] GC(0) Metaspace: 14197K(14720K)->14197K(14720K) NonClass: 12760K(13056K)->12760K(13056K) Class: 1437K(1664K)->1437K(1664K)
[2025-03-05T18:59:35.822+0530][gc           ] GC(0) Pause Young (Normal) (G1 Evacuation Pause) 25M->7M(512M) 3.365ms
[2025-03-05T18:59:35.822+0530][gc,cpu       ] GC(0) User=0.02s Sys=0.01s Real=0.01s
[2025-03-05T22:47:31.448+0530][gc,start     ] GC(1) Pause Young (Normal) (G1 Evacuation Pause)
[2025-03-05T22:47:31.450+0530][gc,task      ] GC(1) Using 8 workers of 8 for evacuation
[2025-03-05T22:47:31.465+0530][gc,phases    ] GC(1)   Pre Evacuate Collection Set: 0.2ms
[2025-03-05T22:47:31.465+0530][gc,phases    ] GC(1)   Evacuate Collection Set: 13.8ms
[2025-03-05T22:47:31.465+0530][gc,phases    ] GC(1)   Post Evacuate Collection Set: 0.5ms
[2025-03-05T22:47:31.465+0530][gc,phases    ] GC(1)   Other: 1.9ms
[2025-03-05T22:47:31.465+0530][gc,heap      ] GC(1) Eden regions: 21->0(24)
[2025-03-05T22:47:31.465+0530][gc,heap      ] GC(1) Survivor regions: 4->1(4)
[2025-03-05T22:47:31.465+0530][gc,heap      ] GC(1) Old regions: 4->8
[2025-03-05T22:47:31.465+0530][gc,heap      ] GC(1) Archive regions: 0->0
[2025-03-05T22:47:31.465+0530][gc,heap      ] GC(1) Humongous regions: 0->0
[2025-03-05T22:47:31.465+0530][gc,metaspace ] GC(1) Metaspace: 16462K(16896K)->16462K(16896K) NonClass: 14816K(15104K)->14816K(15104K) Class: 1646K(1792K)->1646K(1792K)
[2025-03-05T22:47:31.465+0530][gc           ] GC(1) Pause Young (Normal) (G1 Evacuation Pause) 28M->8M(512M) 16.697ms
[2025-03-05T22:47:31.465+0530][gc,cpu       ] GC(1) User=0.03s Sys=0.03s Real=0.02s
[2025-03-06T12:00:05.718+0530][gc,heap,exit ] Heap
[2025-03-06T12:00:05.719+0530][gc,heap,exit ]  garbage-first heap   total 524288K, used 18164K [0x00000007a0000000, 0x00000007c0000000)
[2025-03-06T12:00:05.719+0530][gc,heap,exit ]   region size 1024K, 11 young (11264K), 1 survivors (1024K)
[2025-03-06T12:00:05.719+0530][gc,heap,exit ]  Metaspace       used 16484K, capacity 16775K, committed 16896K, reserved 1064960K
[2025-03-06T12:00:05.719+0530][gc,heap,exit ]   class space    used 1648K, capacity 1784K, committed 1792K, reserved 1048576K
